=== run begin 2026-09-20 22:00:23 gameplay=120s sha=8f6a7094 ===
=== waiting for world 2026-09-20 22:00:23 ===
WARNING: A restricted method in java.lang.System has been called
WARNING: java.lang.System::load has been called by net.rubygrapefruit.platform.internal.NativeLibraryLoader in an unnamed module (file:/Users/ywang/.gradle/wrapper/dists/gradle-9.4.1-bin/arn2x92ynaizyzdaamcbpbhtj/gradle-9.4.1/lib/native-platform-0.22-milestone-29.jar)
WARNING: Use --enable-native-access=ALL-UNNAMED to avoid a warning for callers in this module
WARNING: Restricted methods will be blocked in a future release unless native access is enabled

To honour the JVM settings for this build a single-use Daemon process will be forked. For more on this, please refer to https://docs.gradle.org/9.4.1/userguide/gradle_daemon.html#sec:disabling_the_daemon in the Gradle documentation.
Daemon will be stopped at the end of the build 

> Configure project :
Fabric Loom: 1.16.3

> Task :compileJava UP-TO-DATE

> Task :buildMetalNative UP-TO-DATE
>>> buildMetalNative: RUNNING on mac os x/aarch64

> Task :processResources
> Task :classes
> Task :generateLog4jConfig UP-TO-DATE
> Task :generateDLIConfig UP-TO-DATE
> Task :configureLaunch UP-TO-DATE
> Task :downloadAssets UP-TO-DATE
> Task :configureClientLaunch UP-TO-DATE

> Task :runClient
[22:00:27] [main/INFO] (FabricLoader/GameProvider) Loading Minecraft 26.2 with Fabric Loader 0.19.3
[22:00:27] [main/INFO] (FabricLoader/Mappings) Mappings not present!
[22:00:28] [main/INFO] (FabricLoader) Loading 59 mods:
	- chunky 1.4.58
	- cloth-config 26.2.155
	   \-- cloth-basic-math 0.6.1
	- fabric-api 0.152.2+26.2
	- fabric-api-base 2.0.4+ece063239e
	- fabric-api-lookup-api-v1 2.0.17+11e1c9a39e
	- fabric-biome-api-v1 18.0.6+c7bd5b8e9e
	- fabric-block-api-v1 3.0.3+ec56b6019e
	- fabric-block-getter-api-v2 2.0.7+ec56b6019e
	- fabric-client-gametest-api-v1 5.1.0+db5795489e
	- fabric-command-api-v2 3.1.0+00cb03469e
	- fabric-content-registries-v0 11.2.2+b7a678a99e
	- fabric-convention-tags-v2 4.6.4+2aae60389e
	- fabric-crash-report-info-v1 1.0.5+086d547a9e
	- fabric-creative-tab-api-v1 5.0.14+d871b99e9e
	- fabric-data-attachment-api-v1 2.2.16+aa0fd6fe9e
	- fabric-data-generation-api-v1 25.4.2+5e56e5409e
	- fabric-debug-api-v1 1.0.2+c792624d9e
	- fabric-dimensions-v1 5.1.9+9cbf5da59e
	- fabric-entity-events-v1 5.0.5+06488ac19e
	- fabric-events-interaction-v0 5.2.6+8f57f7ee9e
	- fabric-game-rule-api-v1 4.0.8+46a6d00c9e
	- fabric-gametest-api-v1 4.0.21+4a7fa0819e
	- fabric-item-api-v1 14.1.6+0ecb053f9e
	- fabric-key-mapping-api-v1 2.0.5+e2bdee789e
	- fabric-lifecycle-events-v1 4.1.3+4575b05f9e
	- fabric-loot-api-v3 3.0.17+06488ac19e
	- fabric-menu-api-v1 2.0.16+086d547a9e
	- fabric-message-api-v1 7.0.7+086d547a9e
	- fabric-model-loading-api-v1 8.0.12+c80601bb9e
	- fabric-networking-api-v1 6.3.3+72073ef09e
	- fabric-object-builder-api-v1 24.0.6+46a6d00c9e
	- fabric-particles-v1 5.0.18+d1756aa99e
	- fabric-permission-api-v1 1.0.2+7c33558a9e
	- fabric-recipe-api-v1 9.0.20+11e1c9a39e
	- fabric-registry-sync-v0 7.1.0+c7bd5b8e9e
	- fabric-renderer-api-v1 14.0.2+93d3a2f59e
	- fabric-renderer-indigo 9.0.2+e73ab60d9e
	- fabric-rendering-fluids-v1 6.0.4+06488ac19e
	- fabric-rendering-v1 25.1.6+46a6d00c9e
	- fabric-resource-conditions-api-v1 6.1.0+10e9a28b9e
	- fabric-resource-loader-v0 3.3.20+4fc5413f9e
	- fabric-resource-loader-v1 2.0.13+9edec1269e
	- fabric-screen-api-v1 5.0.3+086d547a9e
	- fabric-serialization-api-v1 2.0.4+11a26f319e
	- fabric-sound-api-v1 2.0.5+11a26f319e
	- fabric-tag-api-v1 2.1.3+794df31d9e
	- fabric-transfer-api-v1 8.0.11+39b5a3929e
	- fabric-transitive-access-wideners-v1 8.1.3+e098252d9e
	- fabricloader 0.19.3
	- java 25
	- lithium 0.25.1+mc26.2
	- metallum 0.0.24
	- minecraft 26.2
	- mixinextras 0.5.4
	- modmenu 20.0.0
	- sodium 0.9.2+mc26.2
	- voxy 0.2.8-alpha
	- voxyworldgenv2 2.4.3
[22:00:28] [main/INFO] (FabricLoader/Mixin) SpongePowered MIXIN Subsystem Version=0.8.7 Source=file:/Users/ywang/.gradle/caches/modules-2/files-2.1/net.fabricmc/sponge-mixin/0.17.3+mixin.0.8.7/41c4a3984a80f4679e759fb9f495587acc5cdac7/sponge-mixin-0.17.3+mixin.0.8.7.jar Service=Knot/Fabric Env=CLIENT
[22:00:28] [main/INFO] (FabricLoader/Mixin) Compatibility level set to JAVA_25
[22:00:28] [main/INFO] (Sodium) Loaded configuration file for Sodium: 37 options available, 0 override(s) found
[22:00:28] [main/INFO] (Lithium) Loaded configuration file for Lithium: 171 options available, 0 override(s) found.
[22:00:28] [main/WARN] (FabricLoader/Mixin) Error loading class: com/moulberry/flashback/record/FlashbackMeta (java.lang.ClassNotFoundException: com/moulberry/flashback/record/FlashbackMeta)
[22:00:28] [main/WARN] (FabricLoader/Mixin) @Mixin target com.moulberry.flashback.record.FlashbackMeta was not found client.voxy.mixins.json:flashback.MixinFlashbackMeta from mod voxy
[22:00:28] [main/WARN] (FabricLoader/Mixin) Error loading class: com/moulberry/flashback/record/Recorder (java.lang.ClassNotFoundException: com/moulberry/flashback/record/Recorder)
[22:00:28] [main/WARN] (FabricLoader/Mixin) @Mixin target com.moulberry.flashback.record.Recorder was not found client.voxy.mixins.json:flashback.MixinFlashbackRecorder from mod voxy
[22:00:28] [main/INFO] (Sodium-GraphicsAdapterProbe) Searching for graphics cards...
[22:00:28] [main/INFO] (FabricLoader/MixinExtras|Service) Initializing MixinExtras via com.llamalad7.mixinextras.service.MixinExtrasServiceImpl(version=0.5.4).
[22:00:29] [Datafixer Bootstrap #0/INFO] (Minecraft) 295 Datafixer optimizations took 196 milliseconds
[22:00:32] [Render thread/INFO] (Minecraft) Environment: Environment[sessionHost=https://sessionserver.mojang.com, servicesHost=https://api.minecraftservices.com, profilesHost=https://api.mojang.com, name=PROD]
[22:00:32] [Render thread/INFO] (Minecraft) Setting user: VoxyDev
[22:00:32] [Render thread/INFO] (voxyworldgenv2) voxy world gen v2 initializing (fabric)
[22:00:32] [Render thread/INFO] (voxyworldgenv2) voxy networking initialized
[22:00:33] [Render thread/INFO] (Voxy) [me.cx.vy.cn.cg.Serialization]: Registered Config as LZ4 for config type CompressorConfig
[22:00:33] [Render thread/INFO] (Voxy) [me.cx.vy.cn.cg.Serialization]: Registered Config as ZSTD for config type CompressorConfig
[22:00:33] [Render thread/INFO] (Voxy) [me.cx.vy.cn.cg.Serialization]: Registered Config as Serializer for config type SectionStorageConfig
[22:00:33] [Render thread/INFO] (Voxy) [me.cx.vy.cn.cg.Serialization]: Registered Config as Memory for config type StorageConfig
[22:00:33] [Render thread/INFO] (Voxy) [me.cx.vy.cn.cg.Serialization]: Registered Config as LMDB for config type StorageConfig
[22:00:33] [Render thread/INFO] (Voxy) [me.cx.vy.cn.cg.Serialization]: Registered BasicPathInsertionConfig as BasicPathConfig for config type StorageConfig
[22:00:33] [Render thread/INFO] (Voxy) [me.cx.vy.cn.cg.Serialization]: Registered Config as CompressionAdaptor for config type StorageConfig
[22:00:33] [Render thread/INFO] (Voxy) [me.cx.vy.cn.cg.Serialization]: Registered ConditionalStorageBackendConfig as ConditionalConfig for config type StorageConfig
[22:00:33] [Render thread/INFO] (Voxy) [me.cx.vy.cn.cg.Serialization]: Registered Config as FragmentationAdaptor for config type StorageConfig
[22:00:33] [Render thread/INFO] (Voxy) [me.cx.vy.cn.cg.Serialization]: Registered Config2 as AutoFragmentationAdaptor for config type StorageConfig
[22:00:33] [Render thread/INFO] (Voxy) [me.cx.vy.cn.cg.Serialization]: Registered Config as ReadonlyCachingLayer for config type StorageConfig
[22:00:33] [Render thread/INFO] (Voxy) [me.cx.vy.cn.cg.Serialization]: Registered Config as Redis for config type StorageConfig
[22:00:33] [Render thread/INFO] (Voxy) [me.cx.vy.cn.cg.Serialization]: Registered Config as RocksDB for config type StorageConfig
[22:00:33] [Render thread/INFO] (Voxy) [me.cx.vy.cn.cg.Serialization]: Registered 13 config types
[22:00:33] [Render thread/INFO] (Mod Menu/Update Checker) Checking mod updates...
[22:00:33] [Render thread/INFO] (Indigo) [Indigo] Different rendering plugin detected; not applying Indigo.
[22:00:33] [Render thread/INFO] (voxyworldgenv2) initializing voxy world gen v2 client
[22:00:33] [Render thread/INFO] (Voxy) [me.cx.vy.ct.VoxyClient]: VOXY_AUTO_SCREENSHOT active: every 2s
[22:00:33] [Render thread/INFO] (Minecraft) Backend library: LWJGL version 3.4.1-snapshot
[22:00:33] [ModMenu/Update Checker/Fabric Loader/INFO] (Mod Menu/Update Checker) Update available for 'fabricloader@0.19.3'
[22:00:33] [Download-3/INFO] (Mod Menu/Update Checker) Update available for 'lithium@0.25.1+mc26.2', (-> mc26.2-0.25.3-fabric)
[22:00:33] [Download-3/INFO] (Mod Menu/Update Checker) Update available for 'fabric-api@0.152.2+26.2', (-> 0.161.0+26.2)
[22:00:33] [Download-3/INFO] (Mod Menu/Update Checker) Update available for 'modmenu@20.0.0', (-> 20.0.2)
[22:00:33] [Download-3/INFO] (Mod Menu/Update Checker) Update available for 'chunky@1.4.58', (-> 1.5.3)
[22:00:34] [Render thread/INFO] (metallum) Metal device: Apple M2
[22:00:34] [Render thread/INFO] (Voxy) [me.cx.vy.ct.ce.gl.Capabilities]: No GL context (whole-frame Metal): GL capabilities reported unavailable
[22:00:34] [Render thread/INFO] (Voxy) [me.cx.vy.ct.ce.ml.MetalNative]: Metal native library loaded from /var/folders/wv/1t4mh_s90413h_w_p5ph7z840000gn/T/libvoxy_metal7534178436095145773.dylib
[22:00:34] [Render thread/INFO] (Voxy) [me.cx.vy.ct.ce.gu.RenderBackendFactory]: Using Metal render backend (Apple Silicon)
[22:00:34] [Render thread/INFO] (Voxy) [me.cx.vy.ct.ce.ml.MetallumBridge]: Metallum interop detected; Voxy will encode into Metallum's frame
[22:00:34] [Render thread/INFO] (Voxy) [me.cx.vy.ct.ce.ml.MetalRenderBackend]: Metal device: Apple M2
[22:00:34] [Render thread/INFO] (Voxy) [me.cx.vy.ct.VoxyClient]: Render backend: METAL (compute=true, indirectParameters=true)
[22:00:34] [Render thread/INFO] (Voxy) [me.cx.vy.ct.VoxyClient]: [VOXY_FORCE_METAL] Voxy enabled on METAL backend. Under Metallum the LOD pass renders straight into the frame's colour and depth attachments; there is no bridge and no composite.
[22:00:34] [Render thread/WARN] (Voxy) [me.cx.vy.ct.VoxyClient]: GPU does not support subgroup operations, expect some performance degradation
[22:00:34] [Render thread/INFO] (Minecraft) Using graphics backend Metal, using drivers: macOS 26.6.2
[22:00:34] [Render thread/INFO] (Minecraft) Using graphics device: Apple M2 (Apple)
[22:00:34] [Render thread/INFO] (Minecraft) Using graphics device extensions: 
[22:00:34] [Download-1/INFO] (Minecraft) Could not authorize you against Realms server: java.lang.RuntimeException: Failed to parse into SignedJWT: FabricMC
[22:00:35] [Render thread/INFO] (Minecraft) Reloading ResourceManager: vanilla, chunky, cloth-config, fabric-api, fabric-api-base, fabric-api-lookup-api-v1, fabric-biome-api-v1, fabric-block-api-v1, fabric-block-getter-api-v2, fabric-client-gametest-api-v1, fabric-command-api-v2, fabric-content-registries-v0, fabric-convention-tags-v2, fabric-crash-report-info-v1, fabric-creative-tab-api-v1, fabric-data-attachment-api-v1, fabric-data-generation-api-v1, fabric-debug-api-v1, fabric-dimensions-v1, fabric-entity-events-v1, fabric-events-interaction-v0, fabric-game-rule-api-v1, fabric-gametest-api-v1, fabric-item-api-v1, fabric-key-mapping-api-v1, fabric-lifecycle-events-v1, fabric-loot-api-v3, fabric-menu-api-v1, fabric-message-api-v1, fabric-model-loading-api-v1, fabric-networking-api-v1, fabric-object-builder-api-v1, fabric-particles-v1, fabric-permission-api-v1, fabric-recipe-api-v1, fabric-registry-sync-v0, fabric-renderer-api-v1, fabric-renderer-indigo, fabric-rendering-fluids-v1, fabric-rendering-v1, fabric-resource-conditions-api-v1, fabric-resource-loader-v0, fabric-resource-loader-v1, fabric-screen-api-v1, fabric-serialization-api-v1, fabric-sound-api-v1, fabric-tag-api-v1, fabric-transfer-api-v1, fabric-transitive-access-wideners-v1, fabricloader, lithium, metallum, modmenu, sodium, voxy, voxyworldgenv2
[22:00:35] [Worker-Main-4/INFO] (Minecraft) Found unifont_all_no_pua-17.0.01.hex, loading
[22:00:35] [Worker-Main-6/INFO] (Minecraft) Found unifont_pua-17.0.01.hex, loading
[22:00:36] [Worker-Main-6/INFO] (Minecraft) Found unifont_jp_patch-17.0.01.hex, loading
[22:00:38] [Render thread/INFO] (Minecraft) OpenAL initialized on device MacBook Air Speakers
[22:00:38] [Render thread/INFO] (Minecraft) Sound engine started
[22:00:38] [Render thread/INFO] (Minecraft) Created: 512x256x0 minecraft:textures/atlas/particles.png-atlas
[22:00:38] [Render thread/INFO] (Minecraft) Created: 128x128x0 minecraft:textures/atlas/decorated_pot.png-atlas
[22:00:38] [Render thread/INFO] (Minecraft) Created: 2048x1024x0 minecraft:textures/atlas/armor_trims.png-atlas
[22:00:38] [Render thread/INFO] (Minecraft) Created: 512x256x0 minecraft:textures/atlas/paintings.png-atlas
[22:00:38] [Render thread/INFO] (Minecraft) Created: 1024x512x0 minecraft:textures/atlas/shield_patterns.png-atlas
[22:00:38] [Render thread/INFO] (Minecraft) Created: 2048x2048x4 minecraft:textures/atlas/blocks.png-atlas
[22:00:38] [Render thread/INFO] (Minecraft) Created: 512x512x0 minecraft:textures/atlas/chest.png-atlas
[22:00:38] [Render thread/INFO] (Minecraft) Created: 256x128x0 minecraft:textures/atlas/celestials.png-atlas
[22:00:38] [Render thread/INFO] (Minecraft) Created: 1024x512x0 minecraft:textures/atlas/banner_patterns.png-atlas
[22:00:38] [Render thread/INFO] (Minecraft) Created: 1024x512x0 minecraft:textures/atlas/items.png-atlas
[22:00:38] [Render thread/INFO] (Minecraft) Created: 1024x1024x0 minecraft:textures/atlas/gui.png-atlas
[22:00:38] [Render thread/INFO] (Minecraft) Created: 128x64x0 minecraft:textures/atlas/map_decorations.png-atlas
[22:00:38] [Render thread/INFO] (Minecraft) Created: 512x512x0 minecraft:textures/atlas/shulker_boxes.png-atlas
[22:00:39] [Render thread/INFO] (Minecraft) Loaded 1585 recipes
[22:00:39] [Render thread/INFO] (Minecraft) Loaded 1688 advancements
[22:00:39] [Render thread/INFO] (BiomeModificationImpl) Applied 0 biome modifications to 0 of 66 new biomes in 752.5 μs
[22:00:39] [Server thread/INFO] (Minecraft) Starting integrated minecraft server version 26.2
[22:00:39] [Server thread/INFO] (Minecraft) Generating keypair
[22:00:40] [Server thread/INFO] (Minecraft) Loading 0 persistent chunks...
[22:00:40] [Server thread/INFO] (Minecraft) Saving chunks for level 'ServerLevel[FlatSpectator]'/minecraft:overworld
[22:00:40] [Server thread/INFO] (Minecraft) Saving chunks for level 'ServerLevel[FlatSpectator]'/minecraft:the_nether
[22:00:40] [Server thread/INFO] (Minecraft) Saving chunks for level 'ServerLevel[FlatSpectator]'/minecraft:the_end
[22:00:40] [Server thread/INFO] (Minecraft) ThreadedAnvilChunkStorage (world): All chunks are saved
[22:00:40] [Server thread/INFO] (Minecraft) ThreadedAnvilChunkStorage (DIM-1): All chunks are saved
[22:00:40] [Server thread/INFO] (Minecraft) ThreadedAnvilChunkStorage (DIM1): All chunks are saved
[22:00:40] [Server thread/INFO] (Minecraft) ThreadedAnvilChunkStorage: All dimensions are saved
[22:00:40] [Server thread/INFO] (voxyworldgenv2) server started, initializing manager
[22:00:40] [Server thread/INFO] (voxyworldgenv2) voxy world gen initialized
[22:00:41] [Server thread/INFO] (Minecraft) Loading 49 chunks for player spawn...
[22:00:41] [Server thread/INFO] (Minecraft) Preparing spawn area: 16%
[22:00:41] [Server thread/INFO] (Minecraft) Preparing spawn area: 16%
[22:00:41] [Server thread/INFO] (Minecraft) Preparing spawn area: 16%
[22:00:41] [Server thread/INFO] (Minecraft) Time elapsed: 1181 ms
[22:00:41] [Server thread/INFO] (Minecraft) VoxyDev[local:E:2bcfd2b8] logged in with entity id 1 at (361.361731379846, -45.95770626731052, 81.39686214525663)
[22:00:41] [Render thread/INFO] (Voxy) [me.cx.vy.cl.VoxyInstance]: Initializing voxy instance
[22:00:41] [Render thread/INFO] (Voxy) [me.cx.vy.cl.VoxyInstance]: Dedicated voxy thread pool size: 5
[22:00:41] [Server thread/INFO] (Minecraft) VoxyDev joined the game
[22:00:41] [Render thread/INFO] (ChunkBuilder) Started 2 worker threads
[22:00:41] [Server thread/WARN] (voxyworldgenv2) tellus not found for sampling integration: com.yucareux.tellus.worldgen.EarthChunkGenerator
[22:00:41] [Server thread/WARN] (voxyworldgenv2) failed to initialize voxy ingester reflection: me.cortex.voxy.common.world.other.Mapper.withBlockBiome(long,int,int)
[22:00:41] [Server thread/INFO] (voxyworldgenv2) tellus integration hub initialized (4 workers)
[22:00:41] [Server thread/INFO] (voxyworldgenv2) loaded 5330 chunks from voxy generation cache for ResourceKey[minecraft:dimension / minecraft:overworld]
[22:00:41] [Server thread/INFO] (Minecraft) Changing view distance to 2, from 10
[22:00:41] [Server thread/INFO] (Minecraft) Changing simulation distance to 12, from 0
[22:00:41] [Render thread/INFO] (Voxy) [me.cx.vy.cl.VoxyInstance]: Dedicated voxy thread pool size: 3
[22:00:41] [Render thread/INFO] (Minecraft) Loaded 2 advancements
[22:00:41] [Render thread/INFO] (Voxy) [me.cx.vy.cl.VoxyInstance]: Creating new world engine: 2862055081964551763@246709232
[22:00:41] [Download-1/ERROR] (Minecraft) Failed to retrieve profile key pair

MinecraftClientHttpException[type=HTTP_ERROR, status=401, response=ErrorResponse[path=/player/certificates, error=null, errorMessage=null, details=null]]
	at knot//com.mojang.authlib.minecraft.client.MinecraftClient.buildHttpException(MinecraftClient.java:170)
	at knot//com.mojang.authlib.minecraft.client.MinecraftClient.readServiceResponse(MinecraftClient.java:147)
	at knot//com.mojang.authlib.minecraft.client.MinecraftClient.post(MinecraftClient.java:89)
	at knot//com.mojang.authlib.yggdrasil.YggdrasilUserApiService.getKeyPair(YggdrasilUserApiService.java:62)
	at knot//net.minecraft.client.multiplayer.AccountProfileKeyPairManager.fetchProfileKeyPair(AccountProfileKeyPairManager.java:128)
	at knot//net.minecraft.client.multiplayer.AccountProfileKeyPairManager.lambda$readOrFetchProfileKeyPair$0(AccountProfileKeyPairManager.java:77)
	at java.base/java.util.concurrent.CompletableFuture$AsyncSupply.run(CompletableFuture.java:1789)
	at java.base/java.util.concurrent.ThreadPoolExecutor.runWorker(ThreadPoolExecutor.java:1090)
	at java.base/java.util.concurrent.ThreadPoolExecutor$Worker.run(ThreadPoolExecutor.java:614)
	at java.base/java.lang.Thread.run(Thread.java:1474)
[22:00:42] [Render thread/WARN] (Voxy) [me.cx.vy.ct.ce.VoxyRenderSystem]: Having a vanilla render distance of 2 can cause rare culling near the edge of your screen issues, please use 3 or more
[22:00:42] [Render thread/INFO] (Voxy) [me.cx.vy.ct.ce.rg.sn.gy.BasicSectionGeometryData]: Creating and zeroing 2047MB geometry buffer
[22:00:42] [Render thread/INFO] (Voxy) [me.cx.vy.ct.ce.rg.sn.gy.BasicSectionGeometryData]: if your game crashes/exits here without any other log message, try manually decreasing the geometry capacity
[22:00:42] [Render thread/INFO] (Voxy) [me.cx.vy.ct.ce.rg.sn.gy.BasicSectionGeometryData]: Successfully allocated the geometry buffer in 0ms
[22:00:42] [Render thread/WARN] (Voxy) [me.cx.vy.ct.ce.gl.sr.Shader$Builder]: [M9 TRANSITIONAL] Skipping legacy GL Shader.compile on non-OpenGL backend (returning stub program=0). Caller must migrate to RenderBackend.createGraphicsPipeline / createComputePipeline before using this shader.
[22:00:42] [Render thread/INFO] (Voxy) [me.cx.vy.ct.ce.rg.sn.bd.mc.MDICSectionRenderer]: [Metal-LODTEST] fixedMip=true noDiscard=false
[22:00:42] [Render thread/INFO] (Voxy) [me.cx.vy.ct.ce.rg.sn.bd.mc.MDICSectionRenderer]: [Metal-LODTEST] distance-based atlas mip ON (maxLod=3.0, bias=0.0000); VOXY_LOD_DIST_MIP=0 reverts to fixed mip 0
[22:00:42] [Render thread/INFO] (Voxy) [me.cx.vy.ct.ce.rg.sn.bd.mc.MDICSectionRenderer]: [Metal-LODTEST] far-water alpha ramp ON (target=0.95); VOXY_WATER_FAR_ALPHA=0 disables
[22:00:42] [Render thread/INFO] (Voxy) [me.cx.vy.ct.ce.rg.sn.bd.mc.MDICSectionRenderer]: [Metal-LODTEST] absolute face indent ON (water plane height lodScale-invariant); VOXY_LOD_ABS_INDENT=0 reverts
[22:00:42] [Render thread/INFO] (Voxy) [me.cx.vy.ct.ce.rg.sn.bd.mc.MDICSectionRenderer]: [Metal-LODTEST] LOD brightness compensation = 0.92 (SSAO parity interim)
[22:00:42] [Render thread/INFO] (Voxy) [me.cx.vy.ct.ce.rg.sn.bd.mc.MDICSectionRenderer]: [Metal-DEFINES] terrain shader injections: VOXY_NO_DEPTH_BOUND (depth-bound kill switch) + VOXY_FORCE_OPAQUE_ALPHA + atlas bakery
[22:00:42] [Render thread/INFO] (Voxy) [me.cx.vy.ct.ce.rg.sn.bd.mc.MDICSectionRenderer]: [Metal-LODTEST] VOXY_LOD_REVERSE_Z active: LOD depth compare = GreaterEqual
[22:00:43] [Render thread/INFO] (Voxy) [me.cx.vy.ct.ce.VoxyRenderSystem]: Voxy render system created with 2147482624 geometry capacity, using pipeline 'NormalRenderPipeline' with renderer 'MDICSectionRenderer'
[22:00:43] [Render thread/INFO] (ChunkBuilder) Stopping worker threads
[22:00:43] [Render thread/INFO] (ChunkBuilder) Started 2 worker threads
[22:00:43] [Render thread/WARN] (Voxy) [me.cx.vy.ct.ce.VoxyRenderSystem]: [Metal-VIEWPORT] GL_VIEWPORT 0x0 != mainRT 1708x960 (leaked pass viewport; using mainRT size)
[22:00:43] [Render thread/INFO] (Voxy) [me.cx.vy.ct.ce.rg.hl.HierarchicalOcclusionTraverser]: [Metal] HOT frustum cull ON, margin=96.0 blocks (terrain solid; water still flickers — deferred; VOXY_LOD_FRUSTUM_MARGIN to tune, VOXY_LOD_NO_CULL=1 to disable)
[22:00:43] [Render thread/INFO] (Voxy) [me.cx.vy.ct.ce.rg.hl.HierarchicalOcclusionTraverser]: [Metal-FRUSTUM f=1] projNaN=true nanFrames=1 | m00=Infinity m11=Infinity impliedAspect=NaN | viewport=1708x960(1.779) window=1708x960(1.779) | L=(NaN,NaN,NaN,NaN) R=(NaN,NaN,NaN,NaN)
[22:00:43] [Render thread/INFO] (Voxy) [me.cx.vy.ct.ce.AbstractRenderPipeline]: [Metal-DIAG] metallumTarget=true colorHandle=0x7c1763200 depthHandle=0x7c1763480 encoder=0x0 colorId=42 depthId=43 useMetallumTarget=true
[22:00:43] [Render thread/INFO] (metallum) [metallum-diag] createRenderPass=823 renderCommandEncoder=738
[22:00:43] [Render thread/INFO] (Voxy) [me.cx.vy.ct.ce.AbstractRenderPipeline]: [Metal-FLICKER f=1] renderList count over last ~600 frames: min=0 max=0 changes=0  (STATIC camera: changes>0 / min!=max => NON-DETERMINISTIC section selection = GPU traversal race; stable => flicker is frustum-edge view-jitter)
[22:00:43] [Render thread/INFO] (Voxy) [me.cx.vy.ct.ce.AbstractRenderPipeline]: [Metal-DIAG f=1] sections=0  geom=0/2047 MB  nodeMgr.hasWork=false  cam=(361, -46, 81)
[22:00:43] [Render thread/INFO] (Voxy) [me.cx.vy.ct.ce.AbstractRenderPipeline]: [Metal-CHAIN f=1] ingestCall=1  ingestNoLight=0  ingestQ=24  ingestProc=24  rawIngest=0  worldEvt=0  topLvlAdd=0  geomResult=0
[22:00:43] [Render thread/INFO] (Voxy) [me.cx.vy.ct.ce.AbstractRenderPipeline]: [Metal-LIGHT f=1] noSkyLayer=22  bothNull_chunk=22  blockOnly=0  (ingestQ=24)
[22:00:43] [Render thread/INFO] (Voxy) [me.cx.vy.ct.ce.AbstractRenderPipeline]: [Metal-VOXEL f=1] solid=256 dark=100.00%  |  exposedSurface=256 dark=100.00%
[22:00:43] [Render thread/INFO] (Voxy) [me.cx.vy.ct.ce.AbstractRenderPipeline]: [Metal-FACE  f=1] selfLit=0 dark=0.00%   neighLit=0 dark=0.00%
[22:00:43] [Render thread/INFO] (Voxy) [me.cx.vy.ct.ce.AbstractRenderPipeline]: [Metal-TICK  f=1] tickWithResults=0  tickWithUploads=0  lastResultSectionCount=0  basicSectionCount=0
[22:00:43] [Render thread/INFO] (Voxy) [me.cx.vy.ct.ce.AbstractRenderPipeline]: [Metal-PGR   f=1] notInMap=0  reqSingle=0  reqChild=0  innerLeaf=0  notWatched=0  uploadEmpty=0  emptyKids=0  emptyNoKids=0  uploadReal=0  topNoDataDeferred=0
[22:00:43] [Render thread/INFO] (Voxy) [me.cx.vy.ct.ce.AbstractRenderPipeline]: [Metal-GEN   f=1] called=0  prepThrow=0  faceThrow=0  zeroQ=0  realQ=0  lastQ=0
[22:00:43] [Render thread/INFO] (Voxy) [me.cx.vy.ct.ce.AbstractRenderPipeline]: [Metal-BAKE  f=1] invocations=1  nonzeroPixels=0  fullAlpha=0  zeroAlpha=0  dilateRuns=0  dilateFilled=0
[22:00:43] [Render thread/INFO] (Voxy) [me.cx.vy.ct.ce.AbstractRenderPipeline]: [Metal-PIPE  f=1] addEntry=1  cpyBuf=0  procModel=1  atlasUpload=0
[22:00:43] [Render thread/INFO] (Voxy) [me.cx.vy.ct.ce.AbstractRenderPipeline]: [Metal-REQ   f=1] last=0  total=0  directRead=1  downloadRead=0
[22:00:43] [Render thread/INFO] (Voxy) [me.cx.vy.ct.ce.VoxyRenderSystem]: [Metal-RING f=1] processedThisFrame=true  cam=(361, 81)  cfgRD=64
[22:00:43] [Render thread/INFO] (Minecraft) Resizing Dynamic Transforms UBO, capacity limit of 2 reached during a single frame. New capacity will be 4.
[22:00:43] [Render thread/INFO] (voxyworldgenv2) voxy integration initialized (enabled: true, raw: false, voxyEnabled: true)
[22:00:43] [Render thread/INFO] (Voxy) [me.cx.vy.ct.ce.AbstractRenderPipeline]: [Metal-DIAG] metallumTarget=true colorHandle=0x7c1763200 depthHandle=0x7c1763480 encoder=0x0 colorId=42 depthId=43 useMetallumTarget=true
[22:00:43] [Render thread/INFO] (Minecraft) Resizing Dynamic Transforms UBO, capacity limit of 4 reached during a single frame. New capacity will be 8.
[22:00:43] [Render thread/INFO] (Voxy) [me.cx.vy.ct.ce.AbstractRenderPipeline]: [Metal-DIAG] metallumTarget=true colorHandle=0x7c1763200 depthHandle=0x7c1763480 encoder=0x0 colorId=42 depthId=43 useMetallumTarget=true
[22:00:43] [Render thread/INFO] (Voxy) [me.cx.vy.ct.ce.AbstractRenderPipeline]: [Metal-DIAG] metallumTarget=true colorHandle=0x7c1763200 depthHandle=0x7c1763480 encoder=0x0 colorId=42 depthId=43 useMetallumTarget=true
[22:00:43] [Render thread/INFO] (Voxy) [me.cx.vy.ct.ce.AbstractRenderPipeline]: [Metal-DIAG] metallumTarget=true colorHandle=0x7c1763200 depthHandle=0x7c1763480 encoder=0x0 colorId=42 depthId=43 useMetallumTarget=true
[22:00:44] [Render thread/INFO] (Voxy) [me.cx.vy.ct.ce.rg.sn.bd.mc.MDICSectionRenderer]: [Metal-LODDRAW f=2] sections=5  rawOpaqueCount=9  maxDrawCount=9  drawing
[22:00:44] [Async Node Manager/INFO] (Voxy) [me.cx.vy.ct.ce.rg.hl.AsyncNodeManager]: [Metal-METACHK] checked=1 mismatch=0 evicted=0 pending=4 renderTicks=31
[22:00:45] [Render thread/INFO] (Voxy) [me.cx.vy.ct.VoxyClient]: VOXY_DEV_TIME active: world clock held at 'noon' by re-issuing time set every 100 ticks (the doDaylightCycle gamerule does not apply on 26.2)
[22:00:45] [Render thread/INFO] (Voxy) [me.cx.vy.ct.VoxyClient]: VOXY_DEV_CAM active: pinned the camera to 96 -25 -232 0 30
=== world up, gameplay clock starts 2026-09-20 22:00:46 ===
[22:00:46] [Render thread/INFO] (Voxy) [me.cx.vy.ct.ce.AbstractRenderPipeline]: [Metal-LayerB f=300] topNodeCount=8 firstDispatchSize=1 renderList.sectionCount=619 cmdGenDispatch=(5,1,1) draws opaque=619 translucent=0 temporal=0
[22:00:49] [Render thread/INFO] (Voxy) [me.cx.vy.ct.ce.AbstractRenderPipeline]: [Metal-PERF] ms/frame  prep=1.87  split=0.01  encode=0.65  submit=0.37  total=2.90
[22:00:49] [Render thread/INFO] (Voxy) [me.cx.vy.ct.ce.rg.hl.HierarchicalOcclusionTraverser]: [Metal-FRUSTUM f=601] projNaN=false nanFrames=1 | m00=0.7066 m11=1.2572 impliedAspect=1.779 | viewport=1708x960(1.779) window=1708x960(1.779) | L=(-0.707,-0.500,0.866,0.0) R=(0.707,-0.500,0.866,-0.0)
[22:00:49] [Render thread/INFO] (Voxy) [me.cx.vy.ct.ce.AbstractRenderPipeline]: [Metal-FLICKER f=601] renderList count over last ~600 frames: min=0 max=637 changes=49  (STATIC camera: changes>0 / min!=max => NON-DETERMINISTIC section selection = GPU traversal race; stable => flicker is frustum-edge view-jitter)
[22:00:49] [Render thread/INFO] (Voxy) [me.cx.vy.ct.ce.AbstractRenderPipeline]: [Metal-DIAG f=601] sections=935  geom=7/2047 MB  nodeMgr.hasWork=true  cam=(97, -23, -232)
[22:00:49] [Render thread/INFO] (Voxy) [me.cx.vy.ct.ce.AbstractRenderPipeline]: [Metal-CHAIN f=601] ingestCall=76  ingestNoLight=2  ingestQ=1776  ingestProc=1776  rawIngest=0  worldEvt=0  topLvlAdd=24000  geomResult=24925
[22:00:49] [Render thread/INFO] (Voxy) [me.cx.vy.ct.ce.AbstractRenderPipeline]: [Metal-LIGHT f=601] noSkyLayer=1628  bothNull_chunk=1628  blockOnly=0  (ingestQ=1776)
[22:00:49] [Render thread/INFO] (Voxy) [me.cx.vy.ct.ce.AbstractRenderPipeline]: [Metal-VOXEL f=601] solid=18944 dark=100.00%  |  exposedSurface=18944 dark=100.00%
[22:00:49] [Render thread/INFO] (Voxy) [me.cx.vy.ct.ce.AbstractRenderPipeline]: [Metal-FACE  f=601] selfLit=0 dark=0.00%   neighLit=0 dark=0.00%
[22:00:49] [Render thread/INFO] (Voxy) [me.cx.vy.ct.ce.AbstractRenderPipeline]: [Metal-LITAUD f=601] meshedFaces=1015086  zeroLight=7.59%   <- camera-independent; compare THIS across builds
[22:00:49] [Render thread/INFO] (Voxy) [me.cx.vy.ct.ce.AbstractRenderPipeline]: [Metal-DARKSRC f=601] darkFaces fromAIR=77039  fromSOLID=0  (both meshing paths)
[22:00:49] [Render thread/INFO] (Voxy) [me.cx.vy.ct.ce.AbstractRenderPipeline]: [Metal-CULL  f=601] byOccludes_fullCube=0  byOccludes_NONcube=0  bySameModel=0  byFullyOpaque=191838
[22:00:49] [Render thread/INFO] (Voxy) [me.cx.vy.ct.ce.AbstractRenderPipeline]: [Metal-TICK  f=601] tickWithResults=402  tickWithUploads=58  lastResultSectionCount=935  basicSectionCount=935
[22:00:49] [Render thread/INFO] (Voxy) [me.cx.vy.ct.ce.AbstractRenderPipeline]: [Metal-PGR   f=601] notInMap=0  reqSingle=23964  reqChild=926  innerLeaf=0  notWatched=0  uploadEmpty=0  emptyKids=0  emptyNoKids=0  uploadReal=935  topNoDataDeferred=23955
[22:00:49] [Render thread/INFO] (Voxy) [me.cx.vy.ct.ce.AbstractRenderPipeline]: [Metal-GEN   f=601] called=4422  prepThrow=3487  faceThrow=0  zeroQ=0  realQ=935  lastQ=8
[22:00:49] [Render thread/INFO] (Voxy) [me.cx.vy.ct.ce.AbstractRenderPipeline]: [Metal-BAKE  f=601] invocations=4  nonzeroPixels=3  fullAlpha=3  zeroAlpha=0  dilateRuns=3  dilateFilled=0
[22:00:49] [Render thread/INFO] (Voxy) [me.cx.vy.ct.ce.AbstractRenderPipeline]: [Metal-PIPE  f=601] addEntry=4  cpyBuf=0  procModel=4  atlasUpload=4
[22:00:49] [Render thread/INFO] (Voxy) [me.cx.vy.ct.ce.AbstractRenderPipeline]: [Metal-REQ   f=601] last=0  total=253  directRead=601  downloadRead=0
[22:00:49] [Render thread/INFO] (Voxy) [me.cx.vy.ct.ce.VoxyRenderSystem]: [Metal-RING f=601] processedThisFrame=true  cam=(97, -232)  cfgRD=64
[22:00:49] [Async Node Manager/INFO] (Voxy) [me.cx.vy.ct.ce.rg.hl.AsyncNodeManager]: [Metal-METACHK] checked=935 mismatch=0 evicted=0 pending=0 renderTicks=606
[22:00:49] [Render thread/INFO] (Voxy) [me.cx.vy.ct.ce.rg.sn.bd.mc.MDICSectionRenderer]: [Metal-LODDRAW f=602] sections=938  rawOpaqueCount=646  maxDrawCount=646  drawing
[22:00:51] [Render thread/INFO] (Voxy) [me.cx.vy.ct.ce.AbstractRenderPipeline]: [Metal-LayerB f=900] topNodeCount=12 firstDispatchSize=1 renderList.sectionCount=789 cmdGenDispatch=(7,1,1) draws opaque=795 translucent=0 temporal=0
[22:00:54] [Render thread/INFO] (Voxy) [me.cx.vy.ct.ce.AbstractRenderPipeline]: [Metal-PERF] ms/frame  prep=0.62  split=0.01  encode=0.37  submit=0.51  total=1.51
[22:00:54] [Render thread/INFO] (Voxy) [me.cx.vy.ct.ce.rg.hl.HierarchicalOcclusionTraverser]: [Metal-FRUSTUM f=1201] projNaN=false nanFrames=1 | m00=0.7066 m11=1.2572 impliedAspect=1.779 | viewport=1708x960(1.779) window=1708x960(1.779) | L=(-0.707,-0.500,0.866,0.0) R=(0.707,-0.500,0.866,-0.0)
[22:00:54] [Render thread/INFO] (Voxy) [me.cx.vy.ct.ce.AbstractRenderPipeline]: [Metal-FLICKER f=1201] renderList count over last ~600 frames: min=637 max=789 changes=6  (STATIC camera: changes>0 / min!=max => NON-DETERMINISTIC section selection = GPU traversal race; stable => flicker is frustum-edge view-jitter)
[22:00:54] [Render thread/INFO] (Voxy) [me.cx.vy.ct.ce.AbstractRenderPipeline]: [Metal-DIAG f=1201] sections=1179  geom=9/2047 MB  nodeMgr.hasWork=false  cam=(97, -23, -232)
[22:00:54] [Render thread/INFO] (Voxy) [me.cx.vy.ct.ce.AbstractRenderPipeline]: [Metal-CHAIN f=1201] ingestCall=76  ingestNoLight=2  ingestQ=1776  ingestProc=1776  rawIngest=0  worldEvt=0  topLvlAdd=25732  geomResult=26899
[22:00:54] [Render thread/INFO] (Voxy) [me.cx.vy.ct.ce.AbstractRenderPipeline]: [Metal-LIGHT f=1201] noSkyLayer=1628  bothNull_chunk=1628  blockOnly=0  (ingestQ=1776)
[22:00:54] [Render thread/INFO] (Voxy) [me.cx.vy.ct.ce.AbstractRenderPipeline]: [Metal-VOXEL f=1201] solid=18944 dark=100.00%  |  exposedSurface=18944 dark=100.00%
[22:00:54] [Render thread/INFO] (Voxy) [me.cx.vy.ct.ce.AbstractRenderPipeline]: [Metal-FACE  f=1201] selfLit=0 dark=0.00%   neighLit=0 dark=0.00%
[22:00:54] [Render thread/INFO] (Voxy) [me.cx.vy.ct.ce.AbstractRenderPipeline]: [Metal-LITAUD f=1201] meshedFaces=1285262  zeroLight=7.90%   <- camera-independent; compare THIS across builds
[22:00:54] [Render thread/INFO] (Voxy) [me.cx.vy.ct.ce.AbstractRenderPipeline]: [Metal-DARKSRC f=1201] darkFaces fromAIR=101597  fromSOLID=0  (both meshing paths)
[22:00:54] [Render thread/INFO] (Voxy) [me.cx.vy.ct.ce.AbstractRenderPipeline]: [Metal-CULL  f=1201] byOccludes_fullCube=0  byOccludes_NONcube=0  bySameModel=0  byFullyOpaque=241130
[22:00:54] [Render thread/INFO] (Voxy) [me.cx.vy.ct.ce.AbstractRenderPipeline]: [Metal-TICK  f=1201] tickWithResults=432  tickWithUploads=65  lastResultSectionCount=1179  basicSectionCount=1179
[22:00:54] [Render thread/INFO] (Voxy) [me.cx.vy.ct.ce.AbstractRenderPipeline]: [Metal-PGR   f=1201] notInMap=0  reqSingle=25732  reqChild=1167  innerLeaf=0  notWatched=0  uploadEmpty=0  emptyKids=0  emptyNoKids=0  uploadReal=1179  topNoDataDeferred=25720
[22:00:54] [Render thread/INFO] (Voxy) [me.cx.vy.ct.ce.AbstractRenderPipeline]: [Metal-GEN   f=1201] called=4666  prepThrow=3487  faceThrow=0  zeroQ=0  realQ=1179  lastQ=8
[22:00:54] [Render thread/INFO] (Voxy) [me.cx.vy.ct.ce.AbstractRenderPipeline]: [Metal-BAKE  f=1201] invocations=4  nonzeroPixels=3  fullAlpha=3  zeroAlpha=0  dilateRuns=3  dilateFilled=0
[22:00:54] [Render thread/INFO] (Voxy) [me.cx.vy.ct.ce.AbstractRenderPipeline]: [Metal-PIPE  f=1201] addEntry=4  cpyBuf=0  procModel=4  atlasUpload=4
[22:00:54] [Render thread/INFO] (Voxy) [me.cx.vy.ct.ce.AbstractRenderPipeline]: [Metal-REQ   f=1201] last=0  total=316  directRead=1201  downloadRead=0
[22:00:54] [Render thread/INFO] (Voxy) [me.cx.vy.ct.ce.VoxyRenderSystem]: [Metal-RING f=1201] processedThisFrame=false  cam=(97, -232)  cfgRD=64
[22:00:54] [Render thread/INFO] (Voxy) [me.cx.vy.ct.ce.rg.sn.bd.mc.MDICSectionRenderer]: [Metal-LODDRAW f=1202] sections=1179  rawOpaqueCount=795  maxDrawCount=795  drawing
[22:00:57] [Render thread/INFO] (Voxy) [me.cx.vy.ct.ce.AbstractRenderPipeline]: [Metal-LayerB f=1500] topNodeCount=12 firstDispatchSize=1 renderList.sectionCount=789 cmdGenDispatch=(7,1,1) draws opaque=795 translucent=0 temporal=0
[22:00:59] [Render thread/INFO] (Voxy) [me.cx.vy.ct.ce.AbstractRenderPipeline]: [Metal-PERF] ms/frame  prep=0.65  split=0.01  encode=0.39  submit=0.57  total=1.62
[22:00:59] [Render thread/INFO] (Voxy) [me.cx.vy.ct.ce.rg.hl.HierarchicalOcclusionTraverser]: [Metal-FRUSTUM f=1801] projNaN=false nanFrames=1 | m00=0.7066 m11=1.2572 impliedAspect=1.779 | viewport=1708x960(1.779) window=1708x960(1.779) | L=(-0.707,-0.500,0.866,0.0) R=(0.707,-0.500,0.866,-0.0)
[22:00:59] [Render thread/INFO] (Voxy) [me.cx.vy.ct.ce.AbstractRenderPipeline]: [Metal-FLICKER f=1801] renderList count over last ~600 frames: min=789 max=789 changes=0  (STATIC camera: changes>0 / min!=max => NON-DETERMINISTIC section selection = GPU traversal race; stable => flicker is frustum-edge view-jitter)
[22:00:59] [Render thread/INFO] (Voxy) [me.cx.vy.ct.ce.AbstractRenderPipeline]: [Metal-DIAG f=1801] sections=1179  geom=9/2047 MB  nodeMgr.hasWork=false  cam=(97, -23, -232)
[22:00:59] [Render thread/INFO] (Voxy) [me.cx.vy.ct.ce.AbstractRenderPipeline]: [Metal-CHAIN f=1801] ingestCall=76  ingestNoLight=2  ingestQ=1776  ingestProc=1776  rawIngest=0  worldEvt=0  topLvlAdd=25732  geomResult=26899
[22:00:59] [Render thread/INFO] (Voxy) [me.cx.vy.ct.ce.AbstractRenderPipeline]: [Metal-LIGHT f=1801] noSkyLayer=1628  bothNull_chunk=1628  blockOnly=0  (ingestQ=1776)
[22:00:59] [Render thread/INFO] (Voxy) [me.cx.vy.ct.ce.AbstractRenderPipeline]: [Metal-VOXEL f=1801] solid=18944 dark=100.00%  |  exposedSurface=18944 dark=100.00%
[22:00:59] [Render thread/INFO] (Voxy) [me.cx.vy.ct.ce.AbstractRenderPipeline]: [Metal-FACE  f=1801] selfLit=0 dark=0.00%   neighLit=0 dark=0.00%
[22:00:59] [Render thread/INFO] (Voxy) [me.cx.vy.ct.ce.AbstractRenderPipeline]: [Metal-LITAUD f=1801] meshedFaces=1285262  zeroLight=7.90%   <- camera-independent; compare THIS across builds
[22:00:59] [Render thread/INFO] (Voxy) [me.cx.vy.ct.ce.AbstractRenderPipeline]: [Metal-DARKSRC f=1801] darkFaces fromAIR=101597  fromSOLID=0  (both meshing paths)
[22:00:59] [Render thread/INFO] (Voxy) [me.cx.vy.ct.ce.AbstractRenderPipeline]: [Metal-CULL  f=1801] byOccludes_fullCube=0  byOccludes_NONcube=0  bySameModel=0  byFullyOpaque=241130
[22:00:59] [Render thread/INFO] (Voxy) [me.cx.vy.ct.ce.AbstractRenderPipeline]: [Metal-TICK  f=1801] tickWithResults=432  tickWithUploads=65  lastResultSectionCount=1179  basicSectionCount=1179
[22:00:59] [Render thread/INFO] (Voxy) [me.cx.vy.ct.ce.AbstractRenderPipeline]: [Metal-PGR   f=1801] notInMap=0  reqSingle=25732  reqChild=1167  innerLeaf=0  notWatched=0  uploadEmpty=0  emptyKids=0  emptyNoKids=0  uploadReal=1179  topNoDataDeferred=25720
[22:00:59] [Render thread/INFO] (Voxy) [me.cx.vy.ct.ce.AbstractRenderPipeline]: [Metal-GEN   f=1801] called=4666  prepThrow=3487  faceThrow=0  zeroQ=0  realQ=1179  lastQ=8
[22:00:59] [Render thread/INFO] (Voxy) [me.cx.vy.ct.ce.AbstractRenderPipeline]: [Metal-BAKE  f=1801] invocations=4  nonzeroPixels=3  fullAlpha=3  zeroAlpha=0  dilateRuns=3  dilateFilled=0
[22:00:59] [Render thread/INFO] (Voxy) [me.cx.vy.ct.ce.AbstractRenderPipeline]: [Metal-PIPE  f=1801] addEntry=4  cpyBuf=0  procModel=4  atlasUpload=4
[22:00:59] [Render thread/INFO] (Voxy) [me.cx.vy.ct.ce.AbstractRenderPipeline]: [Metal-REQ   f=1801] last=0  total=316  directRead=1801  downloadRead=0
[22:00:59] [Render thread/INFO] (Voxy) [me.cx.vy.ct.ce.VoxyRenderSystem]: [Metal-RING f=1801] processedThisFrame=false  cam=(97, -232)  cfgRD=64
[22:00:59] [Render thread/INFO] (Voxy) [me.cx.vy.ct.ce.rg.sn.bd.mc.MDICSectionRenderer]: [Metal-LODDRAW f=1802] sections=1179  rawOpaqueCount=795  maxDrawCount=795  drawing
[22:01:02] [Render thread/INFO] (Voxy) [me.cx.vy.ct.ce.AbstractRenderPipeline]: [Metal-LayerB f=2100] topNodeCount=12 firstDispatchSize=1 renderList.sectionCount=789 cmdGenDispatch=(7,1,1) draws opaque=795 translucent=0 temporal=0
[22:01:04] [Render thread/INFO] (Voxy) [me.cx.vy.ct.ce.AbstractRenderPipeline]: [Metal-PERF] ms/frame  prep=0.69  split=0.01  encode=0.39  submit=0.56  total=1.65
[22:01:04] [Render thread/INFO] (Voxy) [me.cx.vy.ct.ce.rg.hl.HierarchicalOcclusionTraverser]: [Metal-FRUSTUM f=2401] projNaN=false nanFrames=1 | m00=0.7066 m11=1.2572 impliedAspect=1.779 | viewport=1708x960(1.779) window=1708x960(1.779) | L=(-0.707,-0.500,0.866,0.0) R=(0.707,-0.500,0.866,-0.0)
[22:01:04] [Render thread/INFO] (Voxy) [me.cx.vy.ct.ce.AbstractRenderPipeline]: [Metal-FLICKER f=2401] renderList count over last ~600 frames: min=789 max=789 changes=0  (STATIC camera: changes>0 / min!=max => NON-DETERMINISTIC section selection = GPU traversal race; stable => flicker is frustum-edge view-jitter)
[22:01:04] [Render thread/INFO] (Voxy) [me.cx.vy.ct.ce.AbstractRenderPipeline]: [Metal-DIAG f=2401] sections=1179  geom=9/2047 MB  nodeMgr.hasWork=false  cam=(97, -23, -232)
[22:01:04] [Render thread/INFO] (Voxy) [me.cx.vy.ct.ce.AbstractRenderPipeline]: [Metal-CHAIN f=2401] ingestCall=76  ingestNoLight=2  ingestQ=1776  ingestProc=1776  rawIngest=0  worldEvt=0  topLvlAdd=25732  geomResult=26899
[22:01:04] [Render thread/INFO] (Voxy) [me.cx.vy.ct.ce.AbstractRenderPipeline]: [Metal-LIGHT f=2401] noSkyLayer=1628  bothNull_chunk=1628  blockOnly=0  (ingestQ=1776)
[22:01:04] [Render thread/INFO] (Voxy) [me.cx.vy.ct.ce.AbstractRenderPipeline]: [Metal-VOXEL f=2401] solid=18944 dark=100.00%  |  exposedSurface=18944 dark=100.00%
[22:01:04] [Render thread/INFO] (Voxy) [me.cx.vy.ct.ce.AbstractRenderPipeline]: [Metal-FACE  f=2401] selfLit=0 dark=0.00%   neighLit=0 dark=0.00%
[22:01:04] [Render thread/INFO] (Voxy) [me.cx.vy.ct.ce.AbstractRenderPipeline]: [Metal-LITAUD f=2401] meshedFaces=1285262  zeroLight=7.90%   <- camera-independent; compare THIS across builds
[22:01:04] [Render thread/INFO] (Voxy) [me.cx.vy.ct.ce.AbstractRenderPipeline]: [Metal-DARKSRC f=2401] darkFaces fromAIR=101597  fromSOLID=0  (both meshing paths)
[22:01:04] [Render thread/INFO] (Voxy) [me.cx.vy.ct.ce.AbstractRenderPipeline]: [Metal-CULL  f=2401] byOccludes_fullCube=0  byOccludes_NONcube=0  bySameModel=0  byFullyOpaque=241130
[22:01:04] [Render thread/INFO] (Voxy) [me.cx.vy.ct.ce.AbstractRenderPipeline]: [Metal-TICK  f=2401] tickWithResults=432  tickWithUploads=65  lastResultSectionCount=1179  basicSectionCount=1179
[22:01:04] [Render thread/INFO] (Voxy) [me.cx.vy.ct.ce.AbstractRenderPipeline]: [Metal-PGR   f=2401] notInMap=0  reqSingle=25732  reqChild=1167  innerLeaf=0  notWatched=0  uploadEmpty=0  emptyKids=0  emptyNoKids=0  uploadReal=1179  topNoDataDeferred=25720
[22:01:04] [Render thread/INFO] (Voxy) [me.cx.vy.ct.ce.AbstractRenderPipeline]: [Metal-GEN   f=2401] called=4666  prepThrow=3487  faceThrow=0  zeroQ=0  realQ=1179  lastQ=8
[22:01:04] [Render thread/INFO] (Voxy) [me.cx.vy.ct.ce.AbstractRenderPipeline]: [Metal-BAKE  f=2401] invocations=4  nonzeroPixels=3  fullAlpha=3  zeroAlpha=0  dilateRuns=3  dilateFilled=0
[22:01:04] [Render thread/INFO] (Voxy) [me.cx.vy.ct.ce.AbstractRenderPipeline]: [Metal-PIPE  f=2401] addEntry=4  cpyBuf=0  procModel=4  atlasUpload=4
[22:01:04] [Render thread/INFO] (Voxy) [me.cx.vy.ct.ce.AbstractRenderPipeline]: [Metal-REQ   f=2401] last=0  total=316  directRead=2401  downloadRead=0
[22:01:04] [Render thread/INFO] (Voxy) [me.cx.vy.ct.ce.VoxyRenderSystem]: [Metal-RING f=2401] processedThisFrame=false  cam=(97, -232)  cfgRD=64
[22:01:04] [Render thread/INFO] (Voxy) [me.cx.vy.ct.ce.rg.sn.bd.mc.MDICSectionRenderer]: [Metal-LODDRAW f=2402] sections=1179  rawOpaqueCount=795  maxDrawCount=795  drawing
[22:01:07] [Render thread/INFO] (Voxy) [me.cx.vy.ct.ce.AbstractRenderPipeline]: [Metal-LayerB f=2700] topNodeCount=12 firstDispatchSize=1 renderList.sectionCount=789 cmdGenDispatch=(7,1,1) draws opaque=795 translucent=0 temporal=0
[22:01:09] [Render thread/INFO] (Voxy) [me.cx.vy.ct.ce.AbstractRenderPipeline]: [Metal-PERF] ms/frame  prep=0.65  split=0.01  encode=0.40  submit=0.58  total=1.63
[22:01:09] [Render thread/INFO] (Voxy) [me.cx.vy.ct.ce.rg.hl.HierarchicalOcclusionTraverser]: [Metal-FRUSTUM f=3001] projNaN=false nanFrames=1 | m00=0.7066 m11=1.2572 impliedAspect=1.779 | viewport=1708x960(1.779) window=1708x960(1.779) | L=(-0.707,-0.500,0.866,0.0) R=(0.707,-0.500,0.866,-0.0)
[22:01:09] [Render thread/INFO] (Voxy) [me.cx.vy.ct.ce.AbstractRenderPipeline]: [Metal-FLICKER f=3001] renderList count over last ~600 frames: min=789 max=789 changes=0  (STATIC camera: changes>0 / min!=max => NON-DETERMINISTIC section selection = GPU traversal race; stable => flicker is frustum-edge view-jitter)
[22:01:09] [Render thread/INFO] (Voxy) [me.cx.vy.ct.ce.AbstractRenderPipeline]: [Metal-DIAG f=3001] sections=1179  geom=9/2047 MB  nodeMgr.hasWork=false  cam=(97, -23, -232)
[22:01:09] [Render thread/INFO] (Voxy) [me.cx.vy.ct.ce.AbstractRenderPipeline]: [Metal-CHAIN f=3001] ingestCall=76  ingestNoLight=2  ingestQ=1776  ingestProc=1776  rawIngest=0  worldEvt=0  topLvlAdd=25732  geomResult=26899
[22:01:09] [Render thread/INFO] (Voxy) [me.cx.vy.ct.ce.AbstractRenderPipeline]: [Metal-LIGHT f=3001] noSkyLayer=1628  bothNull_chunk=1628  blockOnly=0  (ingestQ=1776)
[22:01:09] [Render thread/INFO] (Voxy) [me.cx.vy.ct.ce.AbstractRenderPipeline]: [Metal-VOXEL f=3001] solid=18944 dark=100.00%  |  exposedSurface=18944 dark=100.00%
[22:01:09] [Render thread/INFO] (Voxy) [me.cx.vy.ct.ce.AbstractRenderPipeline]: [Metal-FACE  f=3001] selfLit=0 dark=0.00%   neighLit=0 dark=0.00%
[22:01:09] [Render thread/INFO] (Voxy) [me.cx.vy.ct.ce.AbstractRenderPipeline]: [Metal-LITAUD f=3001] meshedFaces=1285262  zeroLight=7.90%   <- camera-independent; compare THIS across builds
[22:01:09] [Render thread/INFO] (Voxy) [me.cx.vy.ct.ce.AbstractRenderPipeline]: [Metal-DARKSRC f=3001] darkFaces fromAIR=101597  fromSOLID=0  (both meshing paths)
[22:01:09] [Render thread/INFO] (Voxy) [me.cx.vy.ct.ce.AbstractRenderPipeline]: [Metal-CULL  f=3001] byOccludes_fullCube=0  byOccludes_NONcube=0  bySameModel=0  byFullyOpaque=241130
[22:01:09] [Render thread/INFO] (Voxy) [me.cx.vy.ct.ce.AbstractRenderPipeline]: [Metal-TICK  f=3001] tickWithResults=432  tickWithUploads=65  lastResultSectionCount=1179  basicSectionCount=1179
[22:01:09] [Render thread/INFO] (Voxy) [me.cx.vy.ct.ce.AbstractRenderPipeline]: [Metal-PGR   f=3001] notInMap=0  reqSingle=25732  reqChild=1167  innerLeaf=0  notWatched=0  uploadEmpty=0  emptyKids=0  emptyNoKids=0  uploadReal=1179  topNoDataDeferred=25720
[22:01:09] [Render thread/INFO] (Voxy) [me.cx.vy.ct.ce.AbstractRenderPipeline]: [Metal-GEN   f=3001] called=4666  prepThrow=3487  faceThrow=0  zeroQ=0  realQ=1179  lastQ=8
[22:01:09] [Render thread/INFO] (Voxy) [me.cx.vy.ct.ce.AbstractRenderPipeline]: [Metal-BAKE  f=3001] invocations=4  nonzeroPixels=3  fullAlpha=3  zeroAlpha=0  dilateRuns=3  dilateFilled=0
[22:01:09] [Render thread/INFO] (Voxy) [me.cx.vy.ct.ce.AbstractRenderPipeline]: [Metal-PIPE  f=3001] addEntry=4  cpyBuf=0  procModel=4  atlasUpload=4
[22:01:09] [Render thread/INFO] (Voxy) [me.cx.vy.ct.ce.AbstractRenderPipeline]: [Metal-REQ   f=3001] last=0  total=316  directRead=3001  downloadRead=0
[22:01:09] [Render thread/INFO] (Voxy) [me.cx.vy.ct.ce.VoxyRenderSystem]: [Metal-RING f=3001] processedThisFrame=false  cam=(97, -232)  cfgRD=64
[22:01:09] [Render thread/INFO] (Voxy) [me.cx.vy.ct.ce.rg.sn.bd.mc.MDICSectionRenderer]: [Metal-LODDRAW f=3002] sections=1179  rawOpaqueCount=795  maxDrawCount=795  drawing
[22:01:12] [Render thread/INFO] (Voxy) [me.cx.vy.ct.ce.AbstractRenderPipeline]: [Metal-LayerB f=3300] topNodeCount=12 firstDispatchSize=1 renderList.sectionCount=789 cmdGenDispatch=(7,1,1) draws opaque=795 translucent=0 temporal=0
[22:01:14] [Render thread/INFO] (Voxy) [me.cx.vy.ct.ce.AbstractRenderPipeline]: [Metal-PERF] ms/frame  prep=0.62  split=0.01  encode=0.35  submit=0.52  total=1.49
[22:01:14] [Render thread/INFO] (Voxy) [me.cx.vy.ct.ce.rg.hl.HierarchicalOcclusionTraverser]: [Metal-FRUSTUM f=3601] projNaN=false nanFrames=1 | m00=0.7066 m11=1.2572 impliedAspect=1.779 | viewport=1708x960(1.779) window=1708x960(1.779) | L=(-0.707,-0.500,0.866,0.0) R=(0.707,-0.500,0.866,-0.0)
[22:01:14] [Render thread/INFO] (Voxy) [me.cx.vy.ct.ce.AbstractRenderPipeline]: [Metal-FLICKER f=3601] renderList count over last ~600 frames: min=789 max=789 changes=0  (STATIC camera: changes>0 / min!=max => NON-DETERMINISTIC section selection = GPU traversal race; stable => flicker is frustum-edge view-jitter)
[22:01:14] [Render thread/INFO] (Voxy) [me.cx.vy.ct.ce.AbstractRenderPipeline]: [Metal-DIAG f=3601] sections=1179  geom=9/2047 MB  nodeMgr.hasWork=false  cam=(97, -23, -232)
[22:01:14] [Render thread/INFO] (Voxy) [me.cx.vy.ct.ce.AbstractRenderPipeline]: [Metal-CHAIN f=3601] ingestCall=76  ingestNoLight=2  ingestQ=1776  ingestProc=1776  rawIngest=0  worldEvt=0  topLvlAdd=25732  geomResult=26899
[22:01:14] [Render thread/INFO] (Voxy) [me.cx.vy.ct.ce.AbstractRenderPipeline]: [Metal-LIGHT f=3601] noSkyLayer=1628  bothNull_chunk=1628  blockOnly=0  (ingestQ=1776)
[22:01:14] [Render thread/INFO] (Voxy) [me.cx.vy.ct.ce.AbstractRenderPipeline]: [Metal-VOXEL f=3601] solid=18944 dark=100.00%  |  exposedSurface=18944 dark=100.00%
[22:01:14] [Render thread/INFO] (Voxy) [me.cx.vy.ct.ce.AbstractRenderPipeline]: [Metal-FACE  f=3601] selfLit=0 dark=0.00%   neighLit=0 dark=0.00%
[22:01:14] [Render thread/INFO] (Voxy) [me.cx.vy.ct.ce.AbstractRenderPipeline]: [Metal-LITAUD f=3601] meshedFaces=1285262  zeroLight=7.90%   <- camera-independent; compare THIS across builds
[22:01:14] [Render thread/INFO] (Voxy) [me.cx.vy.ct.ce.AbstractRenderPipeline]: [Metal-DARKSRC f=3601] darkFaces fromAIR=101597  fromSOLID=0  (both meshing paths)
[22:01:14] [Render thread/INFO] (Voxy) [me.cx.vy.ct.ce.AbstractRenderPipeline]: [Metal-CULL  f=3601] byOccludes_fullCube=0  byOccludes_NONcube=0  bySameModel=0  byFullyOpaque=241130
[22:01:14] [Render thread/INFO] (Voxy) [me.cx.vy.ct.ce.AbstractRenderPipeline]: [Metal-TICK  f=3601] tickWithResults=432  tickWithUploads=65  lastResultSectionCount=1179  basicSectionCount=1179
[22:01:14] [Render thread/INFO] (Voxy) [me.cx.vy.ct.ce.AbstractRenderPipeline]: [Metal-PGR   f=3601] notInMap=0  reqSingle=25732  reqChild=1167  innerLeaf=0  notWatched=0  uploadEmpty=0  emptyKids=0  emptyNoKids=0  uploadReal=1179  topNoDataDeferred=25720
[22:01:14] [Render thread/INFO] (Voxy) [me.cx.vy.ct.ce.AbstractRenderPipeline]: [Metal-GEN   f=3601] called=4666  prepThrow=3487  faceThrow=0  zeroQ=0  realQ=1179  lastQ=8
[22:01:14] [Render thread/INFO] (Voxy) [me.cx.vy.ct.ce.AbstractRenderPipeline]: [Metal-BAKE  f=3601] invocations=4  nonzeroPixels=3  fullAlpha=3  zeroAlpha=0  dilateRuns=3  dilateFilled=0
[22:01:14] [Render thread/INFO] (Voxy) [me.cx.vy.ct.ce.AbstractRenderPipeline]: [Metal-PIPE  f=3601] addEntry=4  cpyBuf=0  procModel=4  atlasUpload=4
[22:01:14] [Render thread/INFO] (Voxy) [me.cx.vy.ct.ce.AbstractRenderPipeline]: [Metal-REQ   f=3601] last=0  total=316  directRead=3601  downloadRead=0
[22:01:14] [Render thread/INFO] (Voxy) [me.cx.vy.ct.ce.VoxyRenderSystem]: [Metal-RING f=3601] processedThisFrame=false  cam=(97, -232)  cfgRD=64
[22:01:14] [Render thread/INFO] (Voxy) [me.cx.vy.ct.ce.rg.sn.bd.mc.MDICSectionRenderer]: [Metal-LODDRAW f=3602] sections=1179  rawOpaqueCount=795  maxDrawCount=795  drawing
[22:01:17] [Render thread/INFO] (Voxy) [me.cx.vy.ct.ce.AbstractRenderPipeline]: [Metal-LayerB f=3900] topNodeCount=12 firstDispatchSize=1 renderList.sectionCount=789 cmdGenDispatch=(7,1,1) draws opaque=795 translucent=0 temporal=0
[22:01:19] [Render thread/INFO] (Voxy) [me.cx.vy.ct.ce.AbstractRenderPipeline]: [Metal-PERF] ms/frame  prep=0.76  split=0.01  encode=0.46  submit=0.65  total=1.88
[22:01:19] [Render thread/INFO] (Voxy) [me.cx.vy.ct.ce.rg.hl.HierarchicalOcclusionTraverser]: [Metal-FRUSTUM f=4201] projNaN=false nanFrames=1 | m00=0.7066 m11=1.2572 impliedAspect=1.779 | viewport=1708x960(1.779) window=1708x960(1.779) | L=(-0.707,-0.500,0.866,0.0) R=(0.707,-0.500,0.866,-0.0)
[22:01:19] [Render thread/INFO] (Voxy) [me.cx.vy.ct.ce.AbstractRenderPipeline]: [Metal-FLICKER f=4201] renderList count over last ~600 frames: min=789 max=789 changes=0  (STATIC camera: changes>0 / min!=max => NON-DETERMINISTIC section selection = GPU traversal race; stable => flicker is frustum-edge view-jitter)
[22:01:19] [Render thread/INFO] (Voxy) [me.cx.vy.ct.ce.AbstractRenderPipeline]: [Metal-DIAG f=4201] sections=1179  geom=9/2047 MB  nodeMgr.hasWork=false  cam=(97, -23, -232)
[22:01:19] [Render thread/INFO] (Voxy) [me.cx.vy.ct.ce.AbstractRenderPipeline]: [Metal-CHAIN f=4201] ingestCall=76  ingestNoLight=2  ingestQ=1776  ingestProc=1776  rawIngest=0  worldEvt=0  topLvlAdd=25732  geomResult=26899
[22:01:19] [Render thread/INFO] (Voxy) [me.cx.vy.ct.ce.AbstractRenderPipeline]: [Metal-LIGHT f=4201] noSkyLayer=1628  bothNull_chunk=1628  blockOnly=0  (ingestQ=1776)
[22:01:19] [Render thread/INFO] (Voxy) [me.cx.vy.ct.ce.AbstractRenderPipeline]: [Metal-VOXEL f=4201] solid=18944 dark=100.00%  |  exposedSurface=18944 dark=100.00%
[22:01:19] [Render thread/INFO] (Voxy) [me.cx.vy.ct.ce.AbstractRenderPipeline]: [Metal-FACE  f=4201] selfLit=0 dark=0.00%   neighLit=0 dark=0.00%
[22:01:19] [Render thread/INFO] (Voxy) [me.cx.vy.ct.ce.AbstractRenderPipeline]: [Metal-LITAUD f=4201] meshedFaces=1285262  zeroLight=7.90%   <- camera-independent; compare THIS across builds
[22:01:19] [Render thread/INFO] (Voxy) [me.cx.vy.ct.ce.AbstractRenderPipeline]: [Metal-DARKSRC f=4201] darkFaces fromAIR=101597  fromSOLID=0  (both meshing paths)
[22:01:19] [Render thread/INFO] (Voxy) [me.cx.vy.ct.ce.AbstractRenderPipeline]: [Metal-CULL  f=4201] byOccludes_fullCube=0  byOccludes_NONcube=0  bySameModel=0  byFullyOpaque=241130
[22:01:19] [Render thread/INFO] (Voxy) [me.cx.vy.ct.ce.AbstractRenderPipeline]: [Metal-TICK  f=4201] tickWithResults=432  tickWithUploads=65  lastResultSectionCount=1179  basicSectionCount=1179
[22:01:19] [Render thread/INFO] (Voxy) [me.cx.vy.ct.ce.AbstractRenderPipeline]: [Metal-PGR   f=4201] notInMap=0  reqSingle=25732  reqChild=1167  innerLeaf=0  notWatched=0  uploadEmpty=0  emptyKids=0  emptyNoKids=0  uploadReal=1179  topNoDataDeferred=25720
[22:01:19] [Render thread/INFO] (Voxy) [me.cx.vy.ct.ce.AbstractRenderPipeline]: [Metal-GEN   f=4201] called=4666  prepThrow=3487  faceThrow=0  zeroQ=0  realQ=1179  lastQ=8
[22:01:19] [Render thread/INFO] (Voxy) [me.cx.vy.ct.ce.AbstractRenderPipeline]: [Metal-BAKE  f=4201] invocations=4  nonzeroPixels=3  fullAlpha=3  zeroAlpha=0  dilateRuns=3  dilateFilled=0
[22:01:19] [Render thread/INFO] (Voxy) [me.cx.vy.ct.ce.AbstractRenderPipeline]: [Metal-PIPE  f=4201] addEntry=4  cpyBuf=0  procModel=4  atlasUpload=4
[22:01:19] [Render thread/INFO] (Voxy) [me.cx.vy.ct.ce.AbstractRenderPipeline]: [Metal-REQ   f=4201] last=0  total=316  directRead=4201  downloadRead=0
[22:01:19] [Render thread/INFO] (Voxy) [me.cx.vy.ct.ce.VoxyRenderSystem]: [Metal-RING f=4201] processedThisFrame=false  cam=(97, -232)  cfgRD=64
[22:01:19] [Render thread/INFO] (Voxy) [me.cx.vy.ct.ce.rg.sn.bd.mc.MDICSectionRenderer]: [Metal-LODDRAW f=4202] sections=1179  rawOpaqueCount=795  maxDrawCount=795  drawing
[22:01:22] [Render thread/INFO] (Voxy) [me.cx.vy.ct.ce.AbstractRenderPipeline]: [Metal-LayerB f=4500] topNodeCount=12 firstDispatchSize=1 renderList.sectionCount=789 cmdGenDispatch=(7,1,1) draws opaque=795 translucent=0 temporal=0
[22:01:24] [Render thread/INFO] (Voxy) [me.cx.vy.ct.ce.AbstractRenderPipeline]: [Metal-PERF] ms/frame  prep=0.70  split=0.01  encode=0.42  submit=0.60  total=1.73
[22:01:24] [Render thread/INFO] (Voxy) [me.cx.vy.ct.ce.rg.hl.HierarchicalOcclusionTraverser]: [Metal-FRUSTUM f=4801] projNaN=false nanFrames=1 | m00=0.7066 m11=1.2572 impliedAspect=1.779 | viewport=1708x960(1.779) window=1708x960(1.779) | L=(-0.707,-0.500,0.866,0.0) R=(0.707,-0.500,0.866,-0.0)
[22:01:24] [Render thread/INFO] (Voxy) [me.cx.vy.ct.ce.AbstractRenderPipeline]: [Metal-FLICKER f=4801] renderList count over last ~600 frames: min=789 max=789 changes=0  (STATIC camera: changes>0 / min!=max => NON-DETERMINISTIC section selection = GPU traversal race; stable => flicker is frustum-edge view-jitter)
[22:01:24] [Render thread/INFO] (Voxy) [me.cx.vy.ct.ce.AbstractRenderPipeline]: [Metal-DIAG f=4801] sections=1179  geom=9/2047 MB  nodeMgr.hasWork=false  cam=(97, -23, -232)
[22:01:24] [Render thread/INFO] (Voxy) [me.cx.vy.ct.ce.AbstractRenderPipeline]: [Metal-CHAIN f=4801] ingestCall=76  ingestNoLight=2  ingestQ=1776  ingestProc=1776  rawIngest=0  worldEvt=0  topLvlAdd=25732  geomResult=26899
[22:01:24] [Render thread/INFO] (Voxy) [me.cx.vy.ct.ce.AbstractRenderPipeline]: [Metal-LIGHT f=4801] noSkyLayer=1628  bothNull_chunk=1628  blockOnly=0  (ingestQ=1776)
[22:01:24] [Render thread/INFO] (Voxy) [me.cx.vy.ct.ce.AbstractRenderPipeline]: [Metal-VOXEL f=4801] solid=18944 dark=100.00%  |  exposedSurface=18944 dark=100.00%
[22:01:24] [Render thread/INFO] (Voxy) [me.cx.vy.ct.ce.AbstractRenderPipeline]: [Metal-FACE  f=4801] selfLit=0 dark=0.00%   neighLit=0 dark=0.00%
[22:01:24] [Render thread/INFO] (Voxy) [me.cx.vy.ct.ce.AbstractRenderPipeline]: [Metal-LITAUD f=4801] meshedFaces=1285262  zeroLight=7.90%   <- camera-independent; compare THIS across builds
[22:01:24] [Render thread/INFO] (Voxy) [me.cx.vy.ct.ce.AbstractRenderPipeline]: [Metal-DARKSRC f=4801] darkFaces fromAIR=101597  fromSOLID=0  (both meshing paths)
[22:01:24] [Render thread/INFO] (Voxy) [me.cx.vy.ct.ce.AbstractRenderPipeline]: [Metal-CULL  f=4801] byOccludes_fullCube=0  byOccludes_NONcube=0  bySameModel=0  byFullyOpaque=241130
[22:01:24] [Render thread/INFO] (Voxy) [me.cx.vy.ct.ce.AbstractRenderPipeline]: [Metal-TICK  f=4801] tickWithResults=432  tickWithUploads=65  lastResultSectionCount=1179  basicSectionCount=1179
[22:01:24] [Render thread/INFO] (Voxy) [me.cx.vy.ct.ce.AbstractRenderPipeline]: [Metal-PGR   f=4801] notInMap=0  reqSingle=25732  reqChild=1167  innerLeaf=0  notWatched=0  uploadEmpty=0  emptyKids=0  emptyNoKids=0  uploadReal=1179  topNoDataDeferred=25720
[22:01:24] [Render thread/INFO] (Voxy) [me.cx.vy.ct.ce.AbstractRenderPipeline]: [Metal-GEN   f=4801] called=4666  prepThrow=3487  faceThrow=0  zeroQ=0  realQ=1179  lastQ=8
[22:01:24] [Render thread/INFO] (Voxy) [me.cx.vy.ct.ce.AbstractRenderPipeline]: [Metal-BAKE  f=4801] invocations=4  nonzeroPixels=3  fullAlpha=3  zeroAlpha=0  dilateRuns=3  dilateFilled=0
[22:01:24] [Render thread/INFO] (Voxy) [me.cx.vy.ct.ce.AbstractRenderPipeline]: [Metal-PIPE  f=4801] addEntry=4  cpyBuf=0  procModel=4  atlasUpload=4
[22:01:24] [Render thread/INFO] (Voxy) [me.cx.vy.ct.ce.AbstractRenderPipeline]: [Metal-REQ   f=4801] last=0  total=316  directRead=4801  downloadRead=0
[22:01:24] [Render thread/INFO] (Voxy) [me.cx.vy.ct.ce.VoxyRenderSystem]: [Metal-RING f=4801] processedThisFrame=false  cam=(97, -232)  cfgRD=64
[22:01:24] [Render thread/INFO] (Voxy) [me.cx.vy.ct.ce.rg.sn.bd.mc.MDICSectionRenderer]: [Metal-LODDRAW f=4802] sections=1179  rawOpaqueCount=795  maxDrawCount=795  drawing
[22:01:27] [Render thread/INFO] (Voxy) [me.cx.vy.ct.ce.AbstractRenderPipeline]: [Metal-LayerB f=5100] topNodeCount=12 firstDispatchSize=1 renderList.sectionCount=789 cmdGenDispatch=(7,1,1) draws opaque=795 translucent=0 temporal=0
[22:01:29] [Render thread/INFO] (Voxy) [me.cx.vy.ct.ce.AbstractRenderPipeline]: [Metal-PERF] ms/frame  prep=0.74  split=0.01  encode=0.47  submit=0.62  total=1.84
[22:01:29] [Render thread/INFO] (Voxy) [me.cx.vy.ct.ce.rg.hl.HierarchicalOcclusionTraverser]: [Metal-FRUSTUM f=5401] projNaN=false nanFrames=1 | m00=0.7066 m11=1.2572 impliedAspect=1.779 | viewport=1708x960(1.779) window=1708x960(1.779) | L=(-0.707,-0.500,0.866,0.0) R=(0.707,-0.500,0.866,-0.0)
[22:01:29] [Render thread/INFO] (Voxy) [me.cx.vy.ct.ce.AbstractRenderPipeline]: [Metal-FLICKER f=5401] renderList count over last ~600 frames: min=789 max=789 changes=0  (STATIC camera: changes>0 / min!=max => NON-DETERMINISTIC section selection = GPU traversal race; stable => flicker is frustum-edge view-jitter)
[22:01:29] [Render thread/INFO] (Voxy) [me.cx.vy.ct.ce.AbstractRenderPipeline]: [Metal-DIAG f=5401] sections=1179  geom=9/2047 MB  nodeMgr.hasWork=false  cam=(97, -23, -232)
[22:01:29] [Render thread/INFO] (Voxy) [me.cx.vy.ct.ce.AbstractRenderPipeline]: [Metal-CHAIN f=5401] ingestCall=76  ingestNoLight=2  ingestQ=1776  ingestProc=1776  rawIngest=0  worldEvt=0  topLvlAdd=25732  geomResult=26899
[22:01:29] [Render thread/INFO] (Voxy) [me.cx.vy.ct.ce.AbstractRenderPipeline]: [Metal-LIGHT f=5401] noSkyLayer=1628  bothNull_chunk=1628  blockOnly=0  (ingestQ=1776)
[22:01:29] [Render thread/INFO] (Voxy) [me.cx.vy.ct.ce.AbstractRenderPipeline]: [Metal-VOXEL f=5401] solid=18944 dark=100.00%  |  exposedSurface=18944 dark=100.00%
[22:01:29] [Render thread/INFO] (Voxy) [me.cx.vy.ct.ce.AbstractRenderPipeline]: [Metal-FACE  f=5401] selfLit=0 dark=0.00%   neighLit=0 dark=0.00%
[22:01:29] [Render thread/INFO] (Voxy) [me.cx.vy.ct.ce.AbstractRenderPipeline]: [Metal-LITAUD f=5401] meshedFaces=1285262  zeroLight=7.90%   <- camera-independent; compare THIS across builds
[22:01:29] [Render thread/INFO] (Voxy) [me.cx.vy.ct.ce.AbstractRenderPipeline]: [Metal-DARKSRC f=5401] darkFaces fromAIR=101597  fromSOLID=0  (both meshing paths)
[22:01:29] [Render thread/INFO] (Voxy) [me.cx.vy.ct.ce.AbstractRenderPipeline]: [Metal-CULL  f=5401] byOccludes_fullCube=0  byOccludes_NONcube=0  bySameModel=0  byFullyOpaque=241130
[22:01:29] [Render thread/INFO] (Voxy) [me.cx.vy.ct.ce.AbstractRenderPipeline]: [Metal-TICK  f=5401] tickWithResults=432  tickWithUploads=65  lastResultSectionCount=1179  basicSectionCount=1179
[22:01:29] [Render thread/INFO] (Voxy) [me.cx.vy.ct.ce.AbstractRenderPipeline]: [Metal-PGR   f=5401] notInMap=0  reqSingle=25732  reqChild=1167  innerLeaf=0  notWatched=0  uploadEmpty=0  emptyKids=0  emptyNoKids=0  uploadReal=1179  topNoDataDeferred=25720
[22:01:29] [Render thread/INFO] (Voxy) [me.cx.vy.ct.ce.AbstractRenderPipeline]: [Metal-GEN   f=5401] called=4666  prepThrow=3487  faceThrow=0  zeroQ=0  realQ=1179  lastQ=8
[22:01:29] [Render thread/INFO] (Voxy) [me.cx.vy.ct.ce.AbstractRenderPipeline]: [Metal-BAKE  f=5401] invocations=4  nonzeroPixels=3  fullAlpha=3  zeroAlpha=0  dilateRuns=3  dilateFilled=0
[22:01:29] [Render thread/INFO] (Voxy) [me.cx.vy.ct.ce.AbstractRenderPipeline]: [Metal-PIPE  f=5401] addEntry=4  cpyBuf=0  procModel=4  atlasUpload=4
[22:01:29] [Render thread/INFO] (Voxy) [me.cx.vy.ct.ce.AbstractRenderPipeline]: [Metal-REQ   f=5401] last=0  total=316  directRead=5401  downloadRead=0
[22:01:29] [Render thread/INFO] (Voxy) [me.cx.vy.ct.ce.VoxyRenderSystem]: [Metal-RING f=5401] processedThisFrame=false  cam=(97, -232)  cfgRD=64
[22:01:29] [Render thread/INFO] (Voxy) [me.cx.vy.ct.ce.rg.sn.bd.mc.MDICSectionRenderer]: [Metal-LODDRAW f=5402] sections=1179  rawOpaqueCount=795  maxDrawCount=795  drawing
[22:01:32] [Render thread/INFO] (Voxy) [me.cx.vy.ct.ce.AbstractRenderPipeline]: [Metal-LayerB f=5700] topNodeCount=12 firstDispatchSize=1 renderList.sectionCount=789 cmdGenDispatch=(7,1,1) draws opaque=795 translucent=0 temporal=0
[22:01:37] [Render thread/INFO] (Voxy) [me.cx.vy.ct.ce.AbstractRenderPipeline]: [Metal-PERF] ms/frame  prep=0.79  split=0.01  encode=0.43  submit=0.60  total=1.83
[22:01:37] [Render thread/INFO] (Voxy) [me.cx.vy.ct.ce.rg.hl.HierarchicalOcclusionTraverser]: [Metal-FRUSTUM f=6001] projNaN=false nanFrames=1 | m00=0.7066 m11=1.2572 impliedAspect=1.779 | viewport=1708x960(1.779) window=1708x960(1.779) | L=(-0.707,-0.500,0.866,0.0) R=(0.707,-0.500,0.866,-0.0)
[22:01:37] [Render thread/INFO] (Voxy) [me.cx.vy.ct.ce.AbstractRenderPipeline]: [Metal-FLICKER f=6001] renderList count over last ~600 frames: min=789 max=789 changes=0  (STATIC camera: changes>0 / min!=max => NON-DETERMINISTIC section selection = GPU traversal race; stable => flicker is frustum-edge view-jitter)
[22:01:37] [Render thread/INFO] (Voxy) [me.cx.vy.ct.ce.AbstractRenderPipeline]: [Metal-DIAG f=6001] sections=1179  geom=9/2047 MB  nodeMgr.hasWork=false  cam=(97, -23, -232)
[22:01:37] [Render thread/INFO] (Voxy) [me.cx.vy.ct.ce.AbstractRenderPipeline]: [Metal-CHAIN f=6001] ingestCall=76  ingestNoLight=2  ingestQ=1776  ingestProc=1776  rawIngest=0  worldEvt=0  topLvlAdd=25732  geomResult=26899
[22:01:37] [Render thread/INFO] (Voxy) [me.cx.vy.ct.ce.AbstractRenderPipeline]: [Metal-LIGHT f=6001] noSkyLayer=1628  bothNull_chunk=1628  blockOnly=0  (ingestQ=1776)
[22:01:37] [Render thread/INFO] (Voxy) [me.cx.vy.ct.ce.AbstractRenderPipeline]: [Metal-VOXEL f=6001] solid=18944 dark=100.00%  |  exposedSurface=18944 dark=100.00%
[22:01:37] [Render thread/INFO] (Voxy) [me.cx.vy.ct.ce.AbstractRenderPipeline]: [Metal-FACE  f=6001] selfLit=0 dark=0.00%   neighLit=0 dark=0.00%
[22:01:37] [Render thread/INFO] (Voxy) [me.cx.vy.ct.ce.AbstractRenderPipeline]: [Metal-LITAUD f=6001] meshedFaces=1285262  zeroLight=7.90%   <- camera-independent; compare THIS across builds
[22:01:37] [Render thread/INFO] (Voxy) [me.cx.vy.ct.ce.AbstractRenderPipeline]: [Metal-DARKSRC f=6001] darkFaces fromAIR=101597  fromSOLID=0  (both meshing paths)
[22:01:37] [Render thread/INFO] (Voxy) [me.cx.vy.ct.ce.AbstractRenderPipeline]: [Metal-CULL  f=6001] byOccludes_fullCube=0  byOccludes_NONcube=0  bySameModel=0  byFullyOpaque=241130
[22:01:37] [Render thread/INFO] (Voxy) [me.cx.vy.ct.ce.AbstractRenderPipeline]: [Metal-TICK  f=6001] tickWithResults=432  tickWithUploads=65  lastResultSectionCount=1179  basicSectionCount=1179
[22:01:37] [Render thread/INFO] (Voxy) [me.cx.vy.ct.ce.AbstractRenderPipeline]: [Metal-PGR   f=6001] notInMap=0  reqSingle=25732  reqChild=1167  innerLeaf=0  notWatched=0  uploadEmpty=0  emptyKids=0  emptyNoKids=0  uploadReal=1179  topNoDataDeferred=25720
[22:01:37] [Render thread/INFO] (Voxy) [me.cx.vy.ct.ce.AbstractRenderPipeline]: [Metal-GEN   f=6001] called=4666  prepThrow=3487  faceThrow=0  zeroQ=0  realQ=1179  lastQ=8
[22:01:37] [Render thread/INFO] (Voxy) [me.cx.vy.ct.ce.AbstractRenderPipeline]: [Metal-BAKE  f=6001] invocations=4  nonzeroPixels=3  fullAlpha=3  zeroAlpha=0  dilateRuns=3  dilateFilled=0
[22:01:37] [Render thread/INFO] (Voxy) [me.cx.vy.ct.ce.AbstractRenderPipeline]: [Metal-PIPE  f=6001] addEntry=4  cpyBuf=0  procModel=4  atlasUpload=4
[22:01:37] [Render thread/INFO] (Voxy) [me.cx.vy.ct.ce.AbstractRenderPipeline]: [Metal-REQ   f=6001] last=0  total=316  directRead=6001  downloadRead=0
[22:01:37] [Render thread/INFO] (Voxy) [me.cx.vy.ct.ce.VoxyRenderSystem]: [Metal-RING f=6001] processedThisFrame=false  cam=(97, -232)  cfgRD=64
[22:01:38] [Render thread/INFO] (Voxy) [me.cx.vy.ct.ce.rg.sn.bd.mc.MDICSectionRenderer]: [Metal-LODDRAW f=6002] sections=1179  rawOpaqueCount=795  maxDrawCount=795  drawing
[22:01:47] [Render thread/INFO] (Voxy) [me.cx.vy.ct.ce.AbstractRenderPipeline]: [Metal-LayerB f=6300] topNodeCount=12 firstDispatchSize=1 renderList.sectionCount=789 cmdGenDispatch=(7,1,1) draws opaque=795 translucent=0 temporal=0
[22:01:57] [Render thread/INFO] (Voxy) [me.cx.vy.ct.ce.AbstractRenderPipeline]: [Metal-PERF] ms/frame  prep=1.42  split=0.01  encode=0.52  submit=0.73  total=2.69
[22:01:57] [Render thread/INFO] (Voxy) [me.cx.vy.ct.ce.rg.hl.HierarchicalOcclusionTraverser]: [Metal-FRUSTUM f=6601] projNaN=false nanFrames=1 | m00=0.7066 m11=1.2572 impliedAspect=1.779 | viewport=1708x960(1.779) window=1708x960(1.779) | L=(-0.707,-0.500,0.866,0.0) R=(0.707,-0.500,0.866,-0.0)
[22:01:57] [Render thread/INFO] (Voxy) [me.cx.vy.ct.ce.AbstractRenderPipeline]: [Metal-FLICKER f=6601] renderList count over last ~600 frames: min=789 max=789 changes=0  (STATIC camera: changes>0 / min!=max => NON-DETERMINISTIC section selection = GPU traversal race; stable => flicker is frustum-edge view-jitter)
[22:01:57] [Render thread/INFO] (Voxy) [me.cx.vy.ct.ce.AbstractRenderPipeline]: [Metal-DIAG f=6601] sections=1179  geom=9/2047 MB  nodeMgr.hasWork=false  cam=(97, -23, -232)
[22:01:57] [Render thread/INFO] (Voxy) [me.cx.vy.ct.ce.AbstractRenderPipeline]: [Metal-CHAIN f=6601] ingestCall=76  ingestNoLight=2  ingestQ=1776  ingestProc=1776  rawIngest=0  worldEvt=0  topLvlAdd=25732  geomResult=26899
[22:01:57] [Render thread/INFO] (Voxy) [me.cx.vy.ct.ce.AbstractRenderPipeline]: [Metal-LIGHT f=6601] noSkyLayer=1628  bothNull_chunk=1628  blockOnly=0  (ingestQ=1776)
[22:01:57] [Render thread/INFO] (Voxy) [me.cx.vy.ct.ce.AbstractRenderPipeline]: [Metal-VOXEL f=6601] solid=18944 dark=100.00%  |  exposedSurface=18944 dark=100.00%
[22:01:57] [Render thread/INFO] (Voxy) [me.cx.vy.ct.ce.AbstractRenderPipeline]: [Metal-FACE  f=6601] selfLit=0 dark=0.00%   neighLit=0 dark=0.00%
[22:01:57] [Render thread/INFO] (Voxy) [me.cx.vy.ct.ce.AbstractRenderPipeline]: [Metal-LITAUD f=6601] meshedFaces=1285262  zeroLight=7.90%   <- camera-independent; compare THIS across builds
[22:01:57] [Render thread/INFO] (Voxy) [me.cx.vy.ct.ce.AbstractRenderPipeline]: [Metal-DARKSRC f=6601] darkFaces fromAIR=101597  fromSOLID=0  (both meshing paths)
[22:01:57] [Render thread/INFO] (Voxy) [me.cx.vy.ct.ce.AbstractRenderPipeline]: [Metal-CULL  f=6601] byOccludes_fullCube=0  byOccludes_NONcube=0  bySameModel=0  byFullyOpaque=241130
[22:01:57] [Render thread/INFO] (Voxy) [me.cx.vy.ct.ce.AbstractRenderPipeline]: [Metal-TICK  f=6601] tickWithResults=432  tickWithUploads=65  lastResultSectionCount=1179  basicSectionCount=1179
[22:01:57] [Render thread/INFO] (Voxy) [me.cx.vy.ct.ce.AbstractRenderPipeline]: [Metal-PGR   f=6601] notInMap=0  reqSingle=25732  reqChild=1167  innerLeaf=0  notWatched=0  uploadEmpty=0  emptyKids=0  emptyNoKids=0  uploadReal=1179  topNoDataDeferred=25720
[22:01:57] [Render thread/INFO] (Voxy) [me.cx.vy.ct.ce.AbstractRenderPipeline]: [Metal-GEN   f=6601] called=4666  prepThrow=3487  faceThrow=0  zeroQ=0  realQ=1179  lastQ=8
[22:01:57] [Render thread/INFO] (Voxy) [me.cx.vy.ct.ce.AbstractRenderPipeline]: [Metal-BAKE  f=6601] invocations=4  nonzeroPixels=3  fullAlpha=3  zeroAlpha=0  dilateRuns=3  dilateFilled=0
[22:01:57] [Render thread/INFO] (Voxy) [me.cx.vy.ct.ce.AbstractRenderPipeline]: [Metal-PIPE  f=6601] addEntry=4  cpyBuf=0  procModel=4  atlasUpload=4
[22:01:57] [Render thread/INFO] (Voxy) [me.cx.vy.ct.ce.AbstractRenderPipeline]: [Metal-REQ   f=6601] last=0  total=316  directRead=6601  downloadRead=0
[22:01:57] [Render thread/INFO] (Voxy) [me.cx.vy.ct.ce.VoxyRenderSystem]: [Metal-RING f=6601] processedThisFrame=false  cam=(97, -232)  cfgRD=64
[22:01:58] [Render thread/INFO] (Voxy) [me.cx.vy.ct.ce.rg.sn.bd.mc.MDICSectionRenderer]: [Metal-LODDRAW f=6602] sections=1179  rawOpaqueCount=795  maxDrawCount=795  drawing
[22:01:59] [Async Node Manager/INFO] (Voxy) [me.cx.vy.ct.ce.rg.hl.AsyncNodeManager]: [Metal-METACHK] checked=1179 mismatch=0 evicted=0 pending=0 renderTicks=6648
[22:02:03] [Render thread/INFO] (Voxy) [me.cx.vy.ct.ce.AbstractRenderPipeline]: [Metal-LayerB f=6900] topNodeCount=12 firstDispatchSize=1 renderList.sectionCount=789 cmdGenDispatch=(7,1,1) draws opaque=795 translucent=0 temporal=0
[22:02:09] [Render thread/INFO] (Voxy) [me.cx.vy.ct.ce.AbstractRenderPipeline]: [Metal-PERF] ms/frame  prep=1.09  split=0.01  encode=0.48  submit=0.83  total=2.42
[22:02:09] [Render thread/INFO] (Voxy) [me.cx.vy.ct.ce.rg.hl.HierarchicalOcclusionTraverser]: [Metal-FRUSTUM f=7201] projNaN=false nanFrames=1 | m00=0.7066 m11=1.2572 impliedAspect=1.779 | viewport=1708x960(1.779) window=1708x960(1.779) | L=(-0.707,-0.500,0.866,0.0) R=(0.707,-0.500,0.866,-0.0)
[22:02:09] [Render thread/INFO] (Voxy) [me.cx.vy.ct.ce.AbstractRenderPipeline]: [Metal-FLICKER f=7201] renderList count over last ~600 frames: min=486 max=789 changes=11  (STATIC camera: changes>0 / min!=max => NON-DETERMINISTIC section selection = GPU traversal race; stable => flicker is frustum-edge view-jitter)
[22:02:09] [Render thread/INFO] (Voxy) [me.cx.vy.ct.ce.AbstractRenderPipeline]: [Metal-DIAG f=7201] sections=1483  geom=11/2047 MB  nodeMgr.hasWork=false  cam=(97, -23, -232)
[22:02:09] [Render thread/INFO] (Voxy) [me.cx.vy.ct.ce.AbstractRenderPipeline]: [Metal-CHAIN f=7201] ingestCall=76  ingestNoLight=2  ingestQ=1776  ingestProc=1776  rawIngest=0  worldEvt=0  topLvlAdd=25732  geomResult=27203
[22:02:09] [Render thread/INFO] (Voxy) [me.cx.vy.ct.ce.AbstractRenderPipeline]: [Metal-LIGHT f=7201] noSkyLayer=1628  bothNull_chunk=1628  blockOnly=0  (ingestQ=1776)
[22:02:09] [Render thread/INFO] (Voxy) [me.cx.vy.ct.ce.AbstractRenderPipeline]: [Metal-VOXEL f=7201] solid=18944 dark=100.00%  |  exposedSurface=18944 dark=100.00%
[22:02:09] [Render thread/INFO] (Voxy) [me.cx.vy.ct.ce.AbstractRenderPipeline]: [Metal-FACE  f=7201] selfLit=0 dark=0.00%   neighLit=0 dark=0.00%
[22:02:09] [Render thread/INFO] (Voxy) [me.cx.vy.ct.ce.AbstractRenderPipeline]: [Metal-LITAUD f=7201] meshedFaces=1601310  zeroLight=6.85%   <- camera-independent; compare THIS across builds
[22:02:09] [Render thread/INFO] (Voxy) [me.cx.vy.ct.ce.AbstractRenderPipeline]: [Metal-DARKSRC f=7201] darkFaces fromAIR=109677  fromSOLID=0  (both meshing paths)
[22:02:09] [Render thread/INFO] (Voxy) [me.cx.vy.ct.ce.AbstractRenderPipeline]: [Metal-CULL  f=7201] byOccludes_fullCube=0  byOccludes_NONcube=0  bySameModel=0  byFullyOpaque=307242
[22:02:09] [Render thread/INFO] (Voxy) [me.cx.vy.ct.ce.AbstractRenderPipeline]: [Metal-TICK  f=7201] tickWithResults=441  tickWithUploads=71  lastResultSectionCount=1483  basicSectionCount=1483
[22:02:09] [Render thread/INFO] (Voxy) [me.cx.vy.ct.ce.AbstractRenderPipeline]: [Metal-PGR   f=7201] notInMap=0  reqSingle=25732  reqChild=1471  innerLeaf=0  notWatched=0  uploadEmpty=0  emptyKids=0  emptyNoKids=0  uploadReal=1483  topNoDataDeferred=25720
[22:02:09] [Render thread/INFO] (Voxy) [me.cx.vy.ct.ce.AbstractRenderPipeline]: [Metal-GEN   f=7201] called=4970  prepThrow=3487  faceThrow=0  zeroQ=0  realQ=1483  lastQ=20
[22:02:09] [Render thread/INFO] (Voxy) [me.cx.vy.ct.ce.AbstractRenderPipeline]: [Metal-BAKE  f=7201] invocations=4  nonzeroPixels=3  fullAlpha=3  zeroAlpha=0  dilateRuns=3  dilateFilled=0
[22:02:09] [Render thread/INFO] (Voxy) [me.cx.vy.ct.ce.AbstractRenderPipeline]: [Metal-PIPE  f=7201] addEntry=4  cpyBuf=0  procModel=4  atlasUpload=4
[22:02:09] [Render thread/INFO] (Voxy) [me.cx.vy.ct.ce.AbstractRenderPipeline]: [Metal-REQ   f=7201] last=0  total=396  directRead=7201  downloadRead=0
[22:02:09] [Render thread/INFO] (Voxy) [me.cx.vy.ct.ce.VoxyRenderSystem]: [Metal-RING f=7201] processedThisFrame=false  cam=(97, -232)  cfgRD=64
[22:02:09] [Render thread/INFO] (Voxy) [me.cx.vy.ct.ce.rg.sn.bd.mc.MDICSectionRenderer]: [Metal-LODDRAW f=7202] sections=1483  rawOpaqueCount=793  maxDrawCount=793  drawing
[22:02:09] [Async Node Manager/INFO] (Voxy) [me.cx.vy.ct.ce.rg.hl.AsyncNodeManager]: [Metal-METACHK] checked=1483 mismatch=0 evicted=0 pending=0 renderTicks=7230
[22:02:14] [Render thread/INFO] (Voxy) [me.cx.vy.ct.ce.AbstractRenderPipeline]: [Metal-LayerB f=7500] topNodeCount=12 firstDispatchSize=1 renderList.sectionCount=789 cmdGenDispatch=(7,1,1) draws opaque=795 translucent=0 temporal=0
[22:02:17] [Server thread/INFO] (Minecraft) Saving and pausing game...
[22:02:18] [Server thread/INFO] (Minecraft) Saving chunks for level 'ServerLevel[FlatSpectator]'/minecraft:overworld
[22:02:18] [Server thread/INFO] (Minecraft) Saving chunks for level 'ServerLevel[FlatSpectator]'/minecraft:the_nether
[22:02:18] [Server thread/INFO] (Minecraft) Saving chunks for level 'ServerLevel[FlatSpectator]'/minecraft:the_end
[22:02:18] [Async Node Manager/INFO] (Voxy) [me.cx.vy.ct.ce.rg.hl.AsyncNodeManager]: [Metal-METACHK] checked=1554 mismatch=0 evicted=0 pending=0 renderTicks=7782
[22:02:18] [Render thread/INFO] (Voxy) [me.cx.vy.ct.ce.AbstractRenderPipeline]: [Metal-PERF] ms/frame  prep=1.12  split=0.01  encode=0.43  submit=0.64  total=2.19
[22:02:18] [Render thread/INFO] (Voxy) [me.cx.vy.ct.ce.rg.hl.HierarchicalOcclusionTraverser]: [Metal-FRUSTUM f=7801] projNaN=false nanFrames=1 | m00=0.7066 m11=1.2572 impliedAspect=1.779 | viewport=1708x960(1.779) window=1708x960(1.779) | L=(-1.062,-0.571,-0.215,0.0) R=(-0.371,-0.571,1.018,-0.0)
[22:02:18] [Render thread/INFO] (Voxy) [me.cx.vy.ct.ce.AbstractRenderPipeline]: [Metal-FLICKER f=7801] renderList count over last ~600 frames: min=623 max=828 changes=84  (STATIC camera: changes>0 / min!=max => NON-DETERMINISTIC section selection = GPU traversal race; stable => flicker is frustum-edge view-jitter)
[22:02:18] [Render thread/INFO] (Voxy) [me.cx.vy.ct.ce.AbstractRenderPipeline]: [Metal-DIAG f=7801] sections=1558  geom=12/2047 MB  nodeMgr.hasWork=false  cam=(97, -23, -232)
[22:02:18] [Render thread/INFO] (Voxy) [me.cx.vy.ct.ce.AbstractRenderPipeline]: [Metal-CHAIN f=7801] ingestCall=96  ingestNoLight=2  ingestQ=2262  ingestProc=2262  rawIngest=6  worldEvt=0  topLvlAdd=25732  geomResult=27278
[22:02:18] [Render thread/INFO] (Voxy) [me.cx.vy.ct.ce.AbstractRenderPipeline]: [Metal-LIGHT f=7801] noSkyLayer=2068  bothNull_chunk=2068  blockOnly=0  (ingestQ=2262)
[22:02:18] [Render thread/INFO] (Voxy) [me.cx.vy.ct.ce.AbstractRenderPipeline]: [Metal-VOXEL f=7801] solid=25600 dark=100.00%  |  exposedSurface=25600 dark=100.00%
[22:02:18] [Render thread/INFO] (Voxy) [me.cx.vy.ct.ce.AbstractRenderPipeline]: [Metal-FACE  f=7801] selfLit=0 dark=0.00%   neighLit=0 dark=0.00%
[22:02:18] [Render thread/INFO] (Voxy) [me.cx.vy.ct.ce.AbstractRenderPipeline]: [Metal-LITAUD f=7801] meshedFaces=1677534  zeroLight=6.84%   <- camera-independent; compare THIS across builds
[22:02:18] [Render thread/INFO] (Voxy) [me.cx.vy.ct.ce.AbstractRenderPipeline]: [Metal-DARKSRC f=7801] darkFaces fromAIR=114725  fromSOLID=0  (both meshing paths)
[22:02:18] [Render thread/INFO] (Voxy) [me.cx.vy.ct.ce.AbstractRenderPipeline]: [Metal-CULL  f=7801] byOccludes_fullCube=0  byOccludes_NONcube=0  bySameModel=0  byFullyOpaque=321838
[22:02:18] [Render thread/INFO] (Voxy) [me.cx.vy.ct.ce.AbstractRenderPipeline]: [Metal-TICK  f=7801] tickWithResults=453  tickWithUploads=79  lastResultSectionCount=1558  basicSectionCount=1558
[22:02:18] [Render thread/INFO] (Voxy) [me.cx.vy.ct.ce.AbstractRenderPipeline]: [Metal-PGR   f=7801] notInMap=0  reqSingle=25732  reqChild=1546  innerLeaf=0  notWatched=0  uploadEmpty=0  emptyKids=0  emptyNoKids=0  uploadReal=1558  topNoDataDeferred=25720
[22:02:18] [Render thread/INFO] (Voxy) [me.cx.vy.ct.ce.AbstractRenderPipeline]: [Metal-GEN   f=7801] called=5045  prepThrow=3487  faceThrow=0  zeroQ=0  realQ=1558  lastQ=8
[22:02:18] [Render thread/INFO] (Voxy) [me.cx.vy.ct.ce.AbstractRenderPipeline]: [Metal-BAKE  f=7801] invocations=4  nonzeroPixels=3  fullAlpha=3  zeroAlpha=0  dilateRuns=3  dilateFilled=0
[22:02:18] [Render thread/INFO] (Voxy) [me.cx.vy.ct.ce.AbstractRenderPipeline]: [Metal-PIPE  f=7801] addEntry=4  cpyBuf=0  procModel=4  atlasUpload=4
[22:02:18] [Render thread/INFO] (Voxy) [me.cx.vy.ct.ce.AbstractRenderPipeline]: [Metal-REQ   f=7801] last=0  total=417  directRead=7801  downloadRead=0
[22:02:18] [Render thread/INFO] (Voxy) [me.cx.vy.ct.ce.VoxyRenderSystem]: [Metal-RING f=7801] processedThisFrame=false  cam=(97, -232)  cfgRD=64
=== killing run at 2026-09-20 22:02:46 ===
=== run end 2026-09-20 22:02:51 ===
